#
# A fatal error has been detected by the Java Runtime Environment:
#
#  EXCEPTION_ACCESS_VIOLATION (0xc0000005) at pc=0x00007ffebc4f6fd4, pid=19528, tid=17364
#
# JRE version: OpenJDK Runtime Environment (26.0.1+8) (build 26.0.1+8-34)
# Java VM: OpenJDK 64-Bit Server VM (26.0.1+8-34, mixed mode, sharing, tiered, compressed oops, compressed class ptrs, g1 gc, windows-amd64)
# Problematic frame:
# C  [libasyncProfiler.dll+0x46fd4]
#
# No core dump will be written. Minidumps are not enabled by default on client versions of Windows
#
# If you would like to submit a bug report, please visit:
#   https://bugreport.java.com/bugreport/crash.jsp
# The crash happened outside the Java Virtual Machine in native code.
# See problematic frame for where to report the bug.
#

---------------  S U M M A R Y ------------

Command Line: -javaagent:C:\Users\maure\AppData\Local\Programs\IntelliJ IDEA 2025.2\lib\idea_rt.jar=64149 -agentpath:C:\Users\maure\AppData\Local\Temp\idea_libasyncProfiler_dll_temp_folder\libasyncProfiler.dll=start,jfr,event=wall,interval=10ms,jfrsync=profile,cstack=no,file=C:\Users\maure\IdeaSnapshots\GymtrackerApplication_2026_05_04_102600.jfr,dbghelppath=C:\Users\maure\AppData\Local\Temp\idea_dbghelp_dll_temp_folder\dbghelp.dll,log=C:\Users\maure\AppData\Local\Temp\GymtrackerApplication_2026_05_04_102600.jfr.log.txt,logLevel=DEBUG -Dfile.encoding=UTF-8 -Dsun.stdout.encoding=UTF-8 -Dsun.stderr.encoding=UTF-8 com.proyectoFinal.gymtracker.GymtrackerApplication

Host: AMD Ryzen 7 7730U with Radeon Graphics         , 16 cores, 13G,  Windows 11 , 64 bit Build 26100 (10.0.26100.8246)
Time: Mon May  4 10:26:06 2026 Hora estándar de Argentina elapsed time: 6.363075 seconds (0d 0h 0m 6s)

---------------  T H R E A D  ---------------

Current thread (0x000001881ca81e80):  JavaThread "JFR Shutdown Hook"        [_thread_in_native, id=17364, stack(0x000000577d100000,0x000000577d200000) (1024K)]

Stack: [0x000000577d100000,0x000000577d200000],  sp=0x000000577d1fee70,  free space=1019k
Native frames: (J=compiled Java code, j=interpreted, Vv=VM code, C=native code)
C  [libasyncProfiler.dll+0x46fd4]  (no source info available)
C  [libasyncProfiler.dll+0x4a10c]  (no source info available)
C  [libasyncProfiler.dll+0x4fb2d]  (no source info available)
C  [libasyncProfiler.dll+0x4bd31]  (no source info available)
C  [libasyncProfiler.dll+0x47f86]  (no source info available)
C  [libasyncProfiler.dll+0x45ab7]  (no source info available)
C  [libasyncProfiler.dll+0x4b1ba]  (no source info available)
C  [libasyncProfiler.dll+0x81596]  (no source info available)
C  [libasyncProfiler.dll+0x45db7]  (no source info available)
C  0x000001880746d4f3  (no source info available)

The last pc belongs to native method entry point (kind = native) (printed below).
Java frames: (J=compiled Java code, j=interpreted, Vv=VM code)
j  one.profiler.JfrSync.stopProfiler()V+0
j  one.profiler.JfrSync.recordingStateChanged(Ljdk/jfr/Recording;)V+21
j  jdk.jfr.internal.PlatformRecording.notifyIfStateChanged(Ljdk/jfr/RecordingState;Ljdk/jfr/RecordingState;)V+48 jdk.jfr@26.0.1
j  jdk.jfr.internal.PlatformRecording.stop(Ljava/lang/String;)Z+245 jdk.jfr@26.0.1
j  jdk.jfr.internal.ShutdownHook.dump(Ljdk/jfr/internal/PlatformRecording;)V+26 jdk.jfr@26.0.1
j  jdk.jfr.internal.ShutdownHook.run()V+65 jdk.jfr@26.0.1
v  ~StubRoutines::Stub Generator call_stub_stub 0x00000188074618e2

siginfo: EXCEPTION_ACCESS_VIOLATION (0xc0000005), reading address 0x0000000000003988


Registers:
RAX=0x00000000fffffffd, RBX=0x0000000000003988, RCX=0x000000577d1ff040, RDX=0x000001881780cb38
RSP=0x000000577d1fee70, RBP=0x000000577d1ff040, RSI=0x000001881780cb38, RDI=0x0000000000000000
R8 =0x0000000000003988, R9 =0x0000000000000001, R10=0x00000188198b05e0, R11=0x000001881780cb10
R12=0x00000188198b05c8, R13=0x000001887aa979d8, R14=0x0000000000003988, R15=0x0000000000000001
RIP=0x00007ffebc4f6fd4, EFLAGS=0x0000000000010202

XMM[0]=0x0000000000000000 0x0000018818c320f0
XMM[1]=0x74202c6461657268 0x742065766974616e
XMM[2]=0x306563357830203a 0x646974202c646165
XMM[3]=0x0000000000000000 0x0000000000000000
XMM[4]=0x0000000000000000 0x0000000000000000
XMM[5]=0x6f632d64656e6f64 0x6e6162612d6a632d
XMM[6]=0x0000000000000000 0x00000000ecd95960
XMM[7]=0x0000000000000000 0x7dd7bc017dd7bc01
XMM[8]=0x0000000000000000 0xdbed7633ecd95960
XMM[9]=0x0000000000000000 0x0000000010ebe32d
XMM[10]=0x0000000000000000 0x5a6d579c39d55bd6
XMM[11]=0x0000000000000000 0x8078d7ccda945c28
XMM[12]=0x0000000000000000 0x281d6c56096fa125
XMM[13]=0x0000000000000000 0x0000000000000000
XMM[14]=0x0000000000000000 0x0000000000000000
XMM[15]=0x0000000000000000 0x0000000000000000
  MXCSR=0x00001fa0


Register to memory mapping:

RAX=0x00000000fffffffd is an unknown value
RBX=0x0000000000003988 is an unknown value
RCX=0x000000577d1ff040 is pointing into the stack for thread: 0x000001881ca81e80
RDX=0x000001881780cb38 points into unknown readable memory: 0x0000000100000001 | 01 00 00 00 01 00 00 00
RSP=0x000000577d1fee70 is pointing into the stack for thread: 0x000001881ca81e80
RBP=0x000000577d1ff040 is pointing into the stack for thread: 0x000001881ca81e80
RSI=0x000001881780cb38 points into unknown readable memory: 0x0000000100000001 | 01 00 00 00 01 00 00 00
RDI=0x0 is null
R8 =0x0000000000003988 is an unknown value
R9 =0x0000000000000001 is an unknown value
R10=0x00000188198b05e0 points into unknown readable memory: 0x000000003f800000 | 00 00 80 3f 00 00 00 00
R11=0x000001881780cb10 points into unknown readable memory: 0x0000018818c320f0 | f0 20 c3 18 88 01 00 00
R12=0x00000188198b05c8 points into unknown readable memory: 0x0000018818c320f0 | f0 20 c3 18 88 01 00 00
R13=0x000001887aa979d8 points into unknown readable memory: 0x00000000fffffffd | fd ff ff ff 00 00 00 00
R14=0x0000000000003988 is an unknown value
R15=0x0000000000000001 is an unknown value

Top of Stack: (sp=0x000000577d1fee70)
0x000000577d1fee70:   0000000000000000 00007ffebc60e3ec   ..........`.....
0x000000577d1fee80:   000001881d7867c0 0000000000000058   .gx.....X.......
0x000000577d1fee90:   0000018818c320f0 00000000000000f0   . ..............
0x000000577d1feea0:   0000000000000058 00007ffebc59a557   X.......W.Y.....
0x000000577d1feeb0:   00000188197a8040 00000000000000f4   @.z.............
0x000000577d1feec0:   0000018818c320f0 000000577d1ff040   . ......@..}W...
0x000000577d1feed0:   000001881780cb38 00007ffebc4fa10c   8.........O.....
0x000000577d1feee0:   0000000000003988 0000000000000000   .9..............
0x000000577d1feef0:   000001881d7866d0 000000577d1fef50   .fx.....P..}W...
0x000000577d1fef00:   00000188198b05e0 00007ffebc5009c8   ..........P.....
0x000000577d1fef10:   0000018818c320f0 0000000000000000   . ..............
0x000000577d1fef20:   00007ffebc646498 0000018818c320f0   .dd...... ......
0x000000577d1fef30:   0000000000000000 000001881d7866d0   .........fx.....
0x000000577d1fef40:   000001881d7867c4 0000c795ded6357e   .gx.....~5......
0x000000577d1fef50:   000001887aa979d8 0000000000000000   .y.z............
0x000000577d1fef60:   0000018813093d80 000001887aa979d0   .=.......y.z....
0x000000577d1fef70:   00000188197a8040 000000577d1ff0d0   @.z........}W...
0x000000577d1fef80:   00000188197a8040 00007ffebc4ffb2d   @.z.....-.O.....
0x000000577d1fef90:   000001881f47f630 0000000000000000   0.G.............
0x000000577d1fefa0:   3438313d6469745b 000000577d1ff040   [tid=184@..}W...
0x000000577d1fefb0:   0000018818d3a7c0 0000000000001008   ................
0x000000577d1fefc0:   0000c795ded6348e 00007ffebc5dc587   .4........].....
0x000000577d1fefd0:   0000000000000000 000000577d1ff0d0   ...........}W...
0x000000577d1fefe0:   0000018813093d80 0000000000000000   .=..............
0x000000577d1feff0:   00000188197a8040 000000577d1ff0e0   @.z........}W...
0x000000577d1ff000:   00000188197a8040 00007ffebc4fbd31   @.z.....1.O.....
0x000000577d1ff010:   0000000000000000 0000000000000000   ................
0x000000577d1ff020:   000000577d1ff040 000000577d1ff0d0   @..}W......}W...
0x000000577d1ff030:   000000577d1ff0e0 00007ffe00000000   ...}W...........
0x000000577d1ff040:   00000188198b05c8 000001881741d590   ..........A.....
0x000000577d1ff050:   0000018871de3280 0000018818ba9bc0   .2.q............
0x000000577d1ff060:   0000000000000001 0000018818baabd0   ................

Instructions: (pc=0x00007ffebc4f6fd4)
  0x00007ffebc4f6ed4:   08 8b 8b 6c 05 10 00 eb 06 8b 8b 68 05 10 00 48
  0x00007ffebc4f6ee4:   8d 57 04 e8 a9 d9 fb ff 85 c0 7e 0b 48 98 f0 48
  0x00007ffebc4f6ef4:   0f c1 83 f0 86 10 00 c7 07 00 00 00 00 48 8b 0d
  0x00007ffebc4f6f04:   18 71 1a 00 49 03 ce e8 31 b5 fb ff b9 ff ff ff
  0x00007ffebc4f6f14:   ff f0 0f c1 08 49 83 c6 04 48 81 c7 00 00 01 00
  0x00007ffebc4f6f24:   49 83 ed 01 0f 85 52 ff ff ff 4c 8b 74 24 20 4c
  0x00007ffebc4f6f34:   8b 6c 24 28 4c 8b 64 24 30 48 8b 7c 24 38 48 8b
  0x00007ffebc4f6f44:   74 24 40 48 8b 6c 24 68 48 83 c4 48 41 5f 5b c3
  0x00007ffebc4f6f54:   cc cc cc cc cc cc cc cc cc cc cc cc cc cc cc cc
  0x00007ffebc4f6f64:   cc cc cc cc cc cc cc cc cc cc cc cc cc cc cc cc
  0x00007ffebc4f6f74:   cc cc cc cc cc cc cc cc cc cc cc cc cc cc cc cc
  0x00007ffebc4f6f84:   cc cc cc cc cc cc cc cc cc cc cc cc cc cc cc cc
  0x00007ffebc4f6f94:   cc cc cc cc cc cc cc cc cc cc cc cc cc cc cc cc
  0x00007ffebc4f6fa4:   cc cc cc cc cc cc cc cc cc cc cc cc 48 89 6c 24
  0x00007ffebc4f6fb4:   20 56 41 56 41 57 48 83 ec 50 80 3d f4 71 1a 00
  0x00007ffebc4f6fc4:   00 45 0f b6 f9 4d 8b f0 48 8b f2 48 8b e9 74 26
=>0x00007ffebc4f6fd4:   49 8b 08 48 85 c9 74 0a e8 b6 a4 fb ff 48 85 c0
  0x00007ffebc4f6fe4:   75 14 32 c0 48 8b ac 24 88 00 00 00 48 83 c4 50
  0x00007ffebc4f6ff4:   41 5f 41 5e 5e c3 48 89 5c 24 70 4c 8d 4c 24 38
  0x00007ffebc4f7004:   48 89 7c 24 78 4c 8d 44 24 40 48 8b 3d 4b 71 1a
  0x00007ffebc4f7014:   00 49 8b d6 4c 89 a4 24 80 00 00 00 48 8b cf 45
  0x00007ffebc4f7024:   33 e4 4c 89 64 24 30 4c 89 64 24 48 4c 89 64 24
  0x00007ffebc4f7034:   40 4c 89 64 24 38 48 8b 07 4c 89 64 24 20 4c 8b
  0x00007ffebc4f7044:   90 f8 01 00 00 41 ff d2 85 c0 0f 85 7d 00 00 00
  0x00007ffebc4f7054:   48 8b 07 4c 8d 44 24 30 49 8b d6 48 8b cf 4c 8b
  0x00007ffebc4f7064:   88 00 02 00 00 41 ff d1 85 c0 75 61 48 8b 07 4c
  0x00007ffebc4f7074:   8d 44 24 48 48 8b 54 24 30 45 33 c9 48 8b cf 4c
  0x00007ffebc4f7084:   8b 90 78 01 00 00 41 ff d2 85 c0 75 40 48 8b 54
  0x00007ffebc4f7094:   24 48 49 c7 c0 ff ff ff ff 0f 1f 00 49 ff c0 46
  0x00007ffebc4f70a4:   38 24 02 75 f7 48 8b 4d 10 49 83 e8 02 48 ff c2
  0x00007ffebc4f70b4:   e8 14 cd fb ff 48 8b 54 24 40 48 8d 4d 28 89 46
  0x00007ffebc4f70c4:   08 e8 97 01 fc ff 48 8b 54 24 38 eb 2a 48 8b 4d


Stack slot to memory mapping:

stack at sp + 0 slots: 0x0 is null
stack at sp + 1 slots: 0x00007ffebc60e3ec libasyncProfiler.dll
stack at sp + 2 slots: 0x000001881d7867c0 points into unknown readable memory: 0x002e00650072006f | 6f 00 72 00 65 00 2e 00
stack at sp + 3 slots: 0x0000000000000058 is an unknown value
stack at sp + 4 slots: 0x0000018818c320f0 points into unknown readable memory: 0x000001881780cb10 | 10 cb 80 17 88 01 00 00
stack at sp + 5 slots: 0x00000000000000f0 is an unknown value
stack at sp + 6 slots: 0x0000000000000058 is an unknown value
stack at sp + 7 slots: 0x00007ffebc59a557 libasyncProfiler.dll

Lock stack of current Java thread (top to bottom):

native method entry point (kind = native)  [0x000001880746d120, 0x000001880746dc10]  2800 bytes

Loading hsdis library failed, undisassembled code is shown in MachCode section
[MachCode]
  0x000001880746d120: 488b 4b08 | 0fb7 492e | 584c 8d74 | ccf8 6800 | 0000 0068 | 0000 0000 | 5055 488b | ec41 5548 
  0x000001880746d140: 8b43 084c | 8d68 3848 | 8b40 0868 | 0000 0000 | 5348 8b50 | 1848 8b52 | 7048 8b12 | 5248 8b53 
  0x000001880746d160: 1048 85d2 | 7407 4881 | c2d0 0000 | 0052 488b | 5010 5249 | 8bc6 482b | c548 c1e8 | 0350 6800 
  0x000001880746d180: 0000 0068 | f7ff ffff | 41c6 87ca | 0400 0001 | 488b 4310 | 4885 c074 | 208b 8890 | 0000 0083 
  0x000001880746d1a0: c102 8988 | 9000 0000 | 2388 a400 | 0000 0f84 | ad09 0000 | e9cf 0000 | 0048 8b43 | 1848 85c0 
  0x000001880746d1c0: 0f85 b000 | 0000 e805 | 0000 00e9 | 9900 0000 | 488b d348 | 8d44 2408 | 4c89 6dc0 | 498b cfc5 
  0x000001880746d1e0: f877 4989 | af20 0400 | 0049 8987 | 1004 0000 | 4883 ec20 | 40f6 c40f | 0f84 1900 | 0000 4883 
  0x000001880746d200: ec08 48b8 | 4074 39ea | fe7f 0000 | ffd0 4883 | c408 e90c | 0000 0048 | b840 7439 | eafe 7f00 
  0x000001880746d220: 00ff d048 | 83c4 2049 | c787 1004 | 0000 0000 | 0000 49c7 | 8720 0400 | 0000 0000 | 0049 c787 
  0x000001880746d240: 1804 0000 | 0000 0000 | c5f8 7749 | 837f 0800 | 0f84 0500 | 0000 e985 | 45ff ff4c | 8b6d c04c 
  0x000001880746d260: 8b75 c84e | 8d74 f500 | c348 8b43 | 1848 85c0 | 0f84 1200 | 0000 8b48 | 0883 c102 | 8948 0823 
  0x000001880746d280: 482c 0f84 | d908 0000 | 493b a750 | 0500 000f | 8748 0000 | 0089 8424 | 00f0 ffff | 8984 2400 
  0x000001880746d2a0: e0ff ff89 | 8424 00d0 | ffff 8984 | 2400 c0ff | ff89 8424 | 00b0 ffff | 8984 2400 | a0ff ff89 
  0x000001880746d2c0: 8424 0090 | ffff 8984 | 2400 80ff | ff49 3ba7 | 4805 0000 | 7607 4989 | a750 0500 | 0041 c687 
  0x000001880746d2e0: ca04 0000 | 0048 8b5d | e84c 8b5b | 0845 0fb7 | 5b2e 41c1 | e303 492b | e348 83ec | 2048 83e4 
  0x000001880746d300: f04c 8b5b | 604d 85db | 0f85 ab00 | 0000 e805 | 0000 00e9 | 9900 0000 | 488b d348 | 8d44 2408 
  0x000001880746d320: 4c89 6dc0 | 498b cfc5 | f877 4989 | af20 0400 | 0049 8987 | 1004 0000 | 4883 ec20 | 40f6 c40f 
  0x000001880746d340: 0f84 1900 | 0000 4883 | ec08 48b8 | 009e 39ea | fe7f 0000 | ffd0 4883 | c408 e90c | 0000 0048 
  0x000001880746d360: b800 9e39 | eafe 7f00 | 00ff d048 | 83c4 2049 | c787 1004 | 0000 0000 | 0000 49c7 | 8720 0400 
  0x000001880746d380: 0000 0000 | 0049 c787 | 1804 0000 | 0000 0000 | c5f8 7749 | 837f 0800 | 0f84 0500 | 0000 e93d 
  0x000001880746d3a0: 44ff ff4c | 8b6d c04c | 8b75 c84e | 8d74 f500 | c348 8b5d | e84c 8b5b | 6041 ffd3 | 488b 5de8 
  0x000001880746d3c0: 4889 4518 | 440f b75b | 2c41 f6c3 | 080f 841b | 0000 004c | 8b5b 084d | 8b5b 084d | 8b5b 184d 
  0x000001880746d3e0: 8b5b 704d | 8b1b 4c89 | 5d10 488d | 5510 488b | 4358 49ba | 1050 76ea | fe7f 0000 | 493b c20f 
  0x000001880746d400: 85ab 0000 | 00e8 0500 | 0000 e999 | 0000 0048 | 8bd3 488d | 4424 084c | 896d c049 | 8bcf c5f8 
  0x000001880746d420: 7749 89af | 2004 0000 | 4989 8710 | 0400 0048 | 83ec 2040 | f6c4 0f0f | 8419 0000 | 0048 83ec 
  0x000001880746d440: 0848 b800 | 9e39 eafe | 7f00 00ff | d048 83c4 | 08e9 0c00 | 0000 48b8 | 009e 39ea | fe7f 0000 
  0x000001880746d460: ffd0 4883 | c420 49c7 | 8710 0400 | 0000 0000 | 0049 c787 | 2004 0000 | 0000 0000 | 49c7 8718 
  0x000001880746d480: 0400 0000 | 0000 00c5 | f877 4983 | 7f08 000f | 8405 0000 | 00e9 4643 | ffff 4c8b | 6dc0 4c8b 
  0x000001880746d4a0: 75c8 4e8d | 74f5 00c3 | 488b 5de8 | 488b 4358 | 498d 8f30 | 0400 004c | 8d15 d500 | 0000 4d89 
  0x000001880746d4c0: 9718 0400 | 00c5 f877 | 4989 af20 | 0400 0049 | 89a7 1004 | 0000 41c7 | 87ac 0400 | 0004 0000 
  0x000001880746d4e0: 0049 3ba7 | a805 0000 | 7607 4989 | a7a8 0500 | 00ff d049 | 3ba7 a805 | 0000 720b | 49c7 87a8 
  0x000001880746d500: 0500 0000 | 0000 00c5 | f877 4883 | ec10 c5fb | 1104 2448 | 83ec 1048 | 8904 2448 | c744 2408 
  0x000001880746d520: 0000 0000 | 41c7 87ac | 0400 0005 | 0000 00f0 | 8344 24c0 | 0049 3b6f | 280f 870e | 0000 0041 
  0x000001880746d540: 83bf a804 | 0000 000f | 8420 0000 | 0049 8bcf | 4c8b e448 | 83ec 2048 | 83e4 f048 | b850 063b 
  0x000001880746d560: eafe 7f00 | 00ff d049 | 8be4 4d33 | e441 c787 | ac04 0000 | 0800 0000 | 4d8b 97c0 | 0500 0049 
  0x000001880746d580: 83fa 0074 | 3549 c787 | c005 0000 | 0000 0000 | 41ff e249 | ba60 c146 | 0788 0100 | 0041 ffd2 
  0x000001880746d5a0: 4883 ec10 | c5fb 1104 | 2448 83ec | 1048 8904 | 2448 c744 | 2408 0000 | 0000 49c7 | 8710 0400 
  0x000001880746d5c0: 0000 0000 | 0049 c787 | 2004 0000 | 0000 0000 | 49c7 8718 | 0400 0000 | 0000 00c5 | f877 4d8b 
  0x000001880746d5e0: 9f90 0400 | 0041 c783 | 0001 0000 | 0000 0000 | 49bb 5aaa | 4607 8801 | 0000 4c3b | 5d18 0f85 
  0x000001880746d600: 5001 0000 | 488b 0424 | 4883 c410 | 4885 c00f | 842a 0100 | 00a8 030f | 8508 0000 | 0048 8b00 
  0x000001880746d620: e91a 0100 | 00a8 010f | 8509 0000 | 0048 8b40 | fee9 0901 | 0000 488b | 40ff 4180 | 7f48 000f 
  0x000001880746d640: 84fa 0000 | 0048 85c0 | 0f84 f100 | 0000 4d8b | 5f38 4d85 | db74 1449 | 83eb 084d | 895f 384d 
  0x000001880746d660: 035f 4049 | 8903 e9d4 | 0000 0048 | 83ec 7048 | 8904 2448 | 894c 2408 | 4889 5424 | 104c 8944 
  0x000001880746d680: 2418 4c89 | 4c24 204c | 8954 2428 | 4c89 5c24 | 30c5 fb11 | 4424 40c5 | fb11 4c24 | 48c5 fb11 
  0x000001880746d6a0: 5424 50c5 | fb11 5c24 | 58c5 fb11 | 6424 60c5 | fb11 6c24 | 6849 8bd7 | 488b c848 | 83ec 2040 
  0x000001880746d6c0: f6c4 0f0f | 8419 0000 | 0048 83ec | 0848 b880 | ad2d eafe | 7f00 00ff | d048 83c4 | 08e9 0c00 
  0x000001880746d6e0: 0000 48b8 | 80ad 2dea | fe7f 0000 | ffd0 4883 | c420 c5fb | 106c 2468 | c5fb 1064 | 2460 c5fb 
  0x000001880746d700: 105c 2458 | c5fb 1054 | 2450 c5fb | 104c 2448 | c5fb 1044 | 2440 4c8b | 5c24 304c | 8b54 2428 
  0x000001880746d720: 4c8b 4c24 | 204c 8b44 | 2418 488b | 5424 1048 | 8b4c 2408 | 488b 0424 | 4883 c470 | c5f8 7748 
  0x000001880746d740: 8945 1048 | 83ec 1048 | 8904 2448 | c744 2408 | 0000 0000 | 4183 bf30 | 0500 0002 | 0f85 bf00 
  0x000001880746d760: 0000 4881 | ec80 0000 | 0048 8944 | 2478 4889 | 4c24 7048 | 8954 2468 | 4889 5c24 | 6048 896c 
  0x000001880746d780: 2450 4889 | 7424 4848 | 897c 2440 | 4c89 4424 | 384c 894c | 2430 4c89 | 5424 284c | 895c 2420 
  0x000001880746d7a0: 4c89 6424 | 184c 896c | 2410 4c89 | 7424 084c | 893c 244c | 8be4 4883 | ec20 4883 | e4f0 48b8 
  0x000001880746d7c0: 9037 76ea | fe7f 0000 | ffd0 498b | e44c 8b3c | 244c 8b74 | 2408 4c8b | 6c24 104c | 8b64 2418 
  0x000001880746d7e0: 4c8b 5c24 | 204c 8b54 | 2428 4c8b | 4c24 304c | 8b44 2438 | 488b 7c24 | 4048 8b74 | 2448 488b 
  0x000001880746d800: 6c24 5048 | 8b5c 2460 | 488b 5424 | 6848 8b4c | 2470 488b | 4424 7848 | 81c4 8000 | 0000 4d33 
  0x000001880746d820: e448 8b5d | e84c 8b6b | 084d 8d6d | 3849 837f | 0800 0f84 | bb00 0000 | e805 0000 | 00e9 9600 
  0x000001880746d840: 0000 488d | 4424 084c | 896d c049 | 8bcf c5f8 | 7749 89af | 2004 0000 | 4989 8710 | 0400 0048 
  0x000001880746d860: 83ec 2040 | f6c4 0f0f | 8419 0000 | 0048 83ec | 0848 b830 | bc39 eafe | 7f00 00ff | d048 83c4 
  0x000001880746d880: 08e9 0c00 | 0000 48b8 | 30bc 39ea | fe7f 0000 | ffd0 4883 | c420 49c7 | 8710 0400 | 0000 0000 
  0x000001880746d8a0: 0049 c787 | 2004 0000 | 0000 0000 | 49c7 8718 | 0400 0000 | 0000 00c5 | f877 4983 | 7f08 000f 
  0x000001880746d8c0: 8405 0000 | 00e9 163f | ffff 4c8b | 6dc0 4c8b | 75c8 4e8d | 74f5 00c3 | 48b9 2872 | a1ea fe7f 
  0x000001880746d8e0: 0000 4883 | e4f0 48b8 | 30e5 62ea | fe7f 0000 | ffd0 f444 | 0fb7 5b2c | 41f6 c320 | 0f84 7201 
  0x000001880746d900: 0000 488d | 55a8 4c8b | 5a08 4d85 | db0f 85bb | 0000 00e8 | 0500 0000 | e996 0000 | 0048 8d44 
  0x000001880746d920: 2408 4c89 | 6dc0 498b | cfc5 f877 | 4989 af20 | 0400 0049 | 8987 1004 | 0000 4883 | ec20 40f6 
  0x000001880746d940: c40f 0f84 | 1900 0000 | 4883 ec08 | 48b8 60bb | 39ea fe7f | 0000 ffd0 | 4883 c408 | e90c 0000 
  0x000001880746d960: 0048 b860 | bb39 eafe | 7f00 00ff | d048 83c4 | 2049 c787 | 1004 0000 | 0000 0000 | 49c7 8720 
  0x000001880746d980: 0400 0000 | 0000 0049 | c787 1804 | 0000 0000 | 0000 c5f8 | 7749 837f | 0800 0f84 | 0500 0000 
  0x000001880746d9a0: e93b 3eff | ff4c 8b6d | c04c 8b75 | c84e 8d74 | f500 c348 | b928 72a1 | eafe 7f00 | 0048 83e4 
  0x000001880746d9c0: f048 b830 | e562 eafe | 7f00 00ff | d0f4 4c89 | 6dc0 4c8b | 4a08 48c7 | 4208 0000 | 0000 458b 
  0x000001880746d9e0: 87c8 0600 | 004f 3b4c | 07f8 0f85 | 4200 0000 | 4183 afc8 | 0600 0008 | 4f3b 4c07 | f00f 842a 
  0x000001880746da00: 0000 0049 | 8b01 a802 | 0f85 1200 | 0000 4c8b | c049 83c8 | 01f0 4d0f | b101 0f84 | 0d00 0000 
  0x000001880746da20: 4183 87c8 | 0600 0008 | e905 0000 | 00e9 3e00 | 0000 4c89 | 4a08 488b | ca48 83ec | 2040 f6c4 
  0x000001880746da40: 0f0f 8419 | 0000 0048 | 83ec 0848 | b890 8d39 | eafe 7f00 | 00ff d048 | 83c4 08e9 | 0c00 0000 
  0x000001880746da60: 48b8 908d | 39ea fe7f | 0000 ffd0 | 4883 c420 | 4c8b 6dc0 | 41c6 877e | 0300 0001 | 493b 6f28 
  0x000001880746da80: 0f87 0500 | 0000 e9ab | 0000 0048 | 83ec 10c5 | fb11 0424 | 4883 ec10 | 4889 0424 | 48c7 4424 
  0x000001880746daa0: 0800 0000 | 00c5 f877 | 4989 af20 | 0400 0049 | baa5 da46 | 0788 0100 | 004d 8997 | 1804 0000 
  0x000001880746dac0: 4989 a710 | 0400 0049 | 8bcf 4883 | ec20 40f6 | c40f 0f84 | 1900 0000 | 4883 ec08 | 48b8 d073 
  0x000001880746dae0: 39ea fe7f | 0000 ffd0 | 4883 c408 | e90c 0000 | 0048 b8d0 | 7339 eafe | 7f00 00ff | d048 83c4 
  0x000001880746db00: 2049 c787 | 1004 0000 | 0000 0000 | 49c7 8720 | 0400 0000 | 0000 0049 | c787 1804 | 0000 0000 
  0x000001880746db20: 0000 c5f8 | 7748 8b04 | 2448 83c4 | 10c5 fb10 | 0424 4883 | c410 488b | 0424 4883 | c410 c5fb 
  0x000001880746db40: 1004 2448 | 83c4 104c | 8b5d 1841 | ffd3 4c8b | 5df8 c941 | c687 7e03 | 0000 005f | 498b e3ff 
  0x000001880746db60: e7ba 0000 | 0000 e805 | 0000 00e9 | 9600 0000 | 488d 4424 | 084c 896d | c049 8bcf | c5f8 7749 
  0x000001880746db80: 89af 2004 | 0000 4989 | 8710 0400 | 0048 83ec | 2040 f6c4 | 0f0f 8419 | 0000 0048 | 83ec 0848 
  0x000001880746dba0: b890 8339 | eafe 7f00 | 00ff d048 | 83c4 08e9 | 0c00 0000 | 48b8 9083 | 39ea fe7f | 0000 ffd0 
  0x000001880746dbc0: 4883 c420 | 49c7 8710 | 0400 0000 | 0000 0049 | c787 2004 | 0000 0000 | 0000 49c7 | 8718 0400 
  0x000001880746dbe0: 0000 0000 | 00c5 f877 | 4983 7f08 | 000f 8405 | 0000 00e9 | e83b ffff | 4c8b 6dc0 | 4c8b 75c8 
  0x000001880746dc00: 4e8d 74f5 | 00c3 488b | 5de8 e979 | f6ff ff90 
[/MachCode]

---------------  P R O C E S S  ---------------

Threads class SMR info:
_java_thread_list=0x000001881b9fadf0, length=26, elements={
0x00000188719827a0, 0x0000018871b0c930, 0x0000018871b0d0e0, 0x0000018871b0d9c0,
0x0000018812b40ff0, 0x0000018871a5ea10, 0x0000018871a60180, 0x0000018812b63890,
0x0000018812b69df0, 0x0000018812b685c0, 0x0000018812b6ae10, 0x0000018871a63830,
0x0000018871a647d0, 0x000001881759b460, 0x0000018812b6a600, 0x0000018812b6b620,
0x0000018812b695e0, 0x00000188175a21c0, 0x0000018818afea70, 0x0000018812b6be30,
0x0000018812b68dd0, 0x0000018819183940, 0x0000018819182920, 0x000001881759e340,
0x000001881ca81e80, 0x000001881ca816b0
}

Java Threads: ( => current thread )
  0x00000188719827a0 JavaThread "main"                              [_thread_blocked, id=12344, stack(0x000000577a000000,0x000000577a100000) (1024K)]
  0x0000018871b0c930 JavaThread "Reference Handler"          daemon [_thread_blocked, id=18228, stack(0x000000577a900000,0x000000577aa00000) (1024K)]
  0x0000018871b0d0e0 JavaThread "Finalizer"                  daemon [_thread_blocked, id=15324, stack(0x000000577aa00000,0x000000577ab00000) (1024K)]
  0x0000018871b0d9c0 JavaThread "Signal Dispatcher"          daemon [_thread_blocked, id=6036, stack(0x000000577ab00000,0x000000577ac00000) (1024K)]
  0x0000018812b40ff0 JavaThread "Attach Listener"            daemon [_thread_blocked, id=6444, stack(0x000000577ac00000,0x000000577ad00000) (1024K)]
  0x0000018871a5ea10 JavaThread "Service Thread"             daemon [_thread_blocked, id=8892, stack(0x000000577ad00000,0x000000577ae00000) (1024K)]
  0x0000018871a60180 JavaThread "Monitor Deflation Thread"   daemon [_thread_blocked, id=15752, stack(0x000000577ae00000,0x000000577af00000) (1024K)]
  0x0000018812b63890 JavaThread "C2 CompilerThread0"         daemon [_thread_blocked, id=12256, stack(0x000000577af00000,0x000000577b000000) (1024K)]
  0x0000018812b69df0 JavaThread "C1 CompilerThread0"         daemon [_thread_blocked, id=4140, stack(0x000000577b000000,0x000000577b100000) (1024K)]
  0x0000018812b685c0 JavaThread "C1 CompilerThread1"         daemon [_thread_blocked, id=14260, stack(0x000000577b100000,0x000000577b200000) (1024K)]
  0x0000018812b6ae10 JavaThread "C2 CompilerThread1"         daemon [_thread_in_native, id=20268, stack(0x000000577b200000,0x000000577b300000) (1024K)]
  0x0000018871a63830 JavaThread "Common-Cleaner"             daemon [_thread_blocked, id=19472, stack(0x000000577b300000,0x000000577b400000) (1024K)]
  0x0000018871a647d0 JavaThread "Monitor Ctrl-Break"         daemon [_thread_in_native, id=13356, stack(0x000000577b500000,0x000000577b600000) (1024K)]
  0x000001881759b460 JavaThread "JFR Recorder Thread"        daemon [_thread_in_native, id=10144, stack(0x000000577b800000,0x000000577b900000) (1024K)]
  0x0000018812b6a600 JavaThread "C2 CompilerThread2"         daemon [_thread_in_native, id=4136, stack(0x000000577b900000,0x000000577ba00000) (1024K)]
  0x0000018812b6b620 JavaThread "C2 CompilerThread3"         daemon [_thread_blocked, id=11724, stack(0x000000577ba00000,0x000000577bb00000) (1024K)]
  0x0000018812b695e0 JavaThread "C2 CompilerThread4"         daemon [_thread_blocked, id=22924, stack(0x000000577bb00000,0x000000577bc00000) (1024K)]
  0x00000188175a21c0 JavaThread "JFR Periodic Tasks"         daemon [_thread_blocked, id=21240, stack(0x000000577bc00000,0x000000577bd00000) (1024K)]
  0x0000018818afea70 JavaThread "Notification Thread"        daemon [_thread_blocked, id=2644, stack(0x000000577bf00000,0x000000577c000000) (1024K)]
  0x0000018812b6be30 JavaThread "C1 CompilerThread2"         daemon [_thread_blocked, id=4180, stack(0x000000577c100000,0x000000577c200000) (1024K)]
  0x0000018812b68dd0 JavaThread "C1 CompilerThread3"         daemon [_thread_blocked, id=23180, stack(0x000000577c200000,0x000000577c300000) (1024K)]
  0x0000018819183940 JavaThread "C2 CompilerThread5"         daemon [_thread_blocked, id=5372, stack(0x000000577c800000,0x000000577c900000) (1024K)]
  0x0000018819182920 JavaThread "C2 CompilerThread6"         daemon [_thread_blocked, id=22052, stack(0x000000577d000000,0x000000577d100000) (1024K)]
  0x000001881759e340 JavaThread "mysql-cj-abandoned-connection-cleanup" daemon [_thread_blocked, id=22452, stack(0x000000577d400000,0x000000577d500000) (1024K)]
=>0x000001881ca81e80 JavaThread "JFR Shutdown Hook"                 [_thread_in_native, id=17364, stack(0x000000577d100000,0x000000577d200000) (1024K)]
  0x000001881ca816b0 JavaThread "InnocuousThread-1"          daemon [_thread_blocked, id=19540, stack(0x000000577c300000,0x000000577c400000) (1024K)]
Total: 26

Other Threads:
  0x0000018871affd60 VMThread "VM Thread"                           [id=16424, stack(0x000000577a800000,0x000000577a900000) (1024K)]
  0x0000018812b3c6a0 WatcherThread "VM Periodic Task Thread"        [id=16408, stack(0x000000577a700000,0x000000577a800000) (1024K)]
  0x00000188719cca60 WorkerThread "GC Thread#0"                     [id=13800, stack(0x000000577a100000,0x000000577a200000) (1024K)]
  0x00000188171169e0 WorkerThread "GC Thread#1"                     [id=17432, stack(0x000000577b400000,0x000000577b500000) (1024K)]
  0x000001881782e890 WorkerThread "GC Thread#2"                     [id=4636, stack(0x000000577c000000,0x000000577c100000) (1024K)]
  0x0000018818b33d00 WorkerThread "GC Thread#3"                     [id=21084, stack(0x000000577c500000,0x000000577c600000) (1024K)]
  0x0000018818b31ed0 WorkerThread "GC Thread#4"                     [id=16360, stack(0x000000577c600000,0x000000577c700000) (1024K)]
  0x0000018818b35f80 WorkerThread "GC Thread#5"                     [id=6372, stack(0x000000577c700000,0x000000577c800000) (1024K)]
  0x000001881bd154a0 WorkerThread "GC Thread#6"                     [id=23776, stack(0x000000577c900000,0x000000577ca00000) (1024K)]
  0x000001881bd16190 WorkerThread "GC Thread#7"                     [id=848, stack(0x000000577ca00000,0x000000577cb00000) (1024K)]
  0x0000018819e7f2e0 WorkerThread "GC Thread#8"                     [id=13428, stack(0x000000577cb00000,0x000000577cc00000) (1024K)]
  0x0000018819aa0f10 WorkerThread "GC Thread#9"                     [id=18308, stack(0x000000577cc00000,0x000000577cd00000) (1024K)]
  0x0000018819aa28f0 WorkerThread "GC Thread#10"                    [id=21012, stack(0x000000577cd00000,0x000000577ce00000) (1024K)]
  0x000001881d081bf0 WorkerThread "GC Thread#11"                    [id=10596, stack(0x000000577ce00000,0x000000577cf00000) (1024K)]
  0x000001881d085ca0 WorkerThread "GC Thread#12"                    [id=6972, stack(0x000000577cf00000,0x000000577d000000) (1024K)]
  0x00000188719e2760 ConcurrentGCThread "G1 Main Marker"            [id=5392, stack(0x000000577a200000,0x000000577a300000) (1024K)]
  0x00000188719e4270 WorkerThread "G1 Conc#0"                       [id=7988, stack(0x000000577a300000,0x000000577a400000) (1024K)]
  0x0000018817435af0 WorkerThread "G1 Conc#1"                       [id=17036, stack(0x000000577b600000,0x000000577b700000) (1024K)]
  0x0000018817437d70 WorkerThread "G1 Conc#2"                       [id=8708, stack(0x000000577b700000,0x000000577b800000) (1024K)]
  0x0000018871a4f490 WorkerThread "G1 Refinement Workers#0"         [id=6740, stack(0x000000577a500000,0x000000577a600000) (1024K)]
  0x0000018871a4b9b0 ConcurrentGCThread "G1 Refine Control"         [id=5508, stack(0x000000577a400000,0x000000577a500000) (1024K)]
  0x0000018871a51e10 ConcurrentGCThread "G1 Service"                [id=9680, stack(0x000000577a600000,0x000000577a700000) (1024K)]
Total: 22

Threads with active compile tasks:
C2 CompilerThread1  6670 5604       4       org.springframework.beans.factory.support.AbstractBeanFactory::isTypeMatch (776 bytes)
Total: 1

VM state: not at safepoint (normal execution)

VM Mutex/Monitor currently owned by a thread: None

Heap address: 0x0000000722800000, size: 3544 MB, Compressed Oops mode: Zero based, Oop shift amount: 3

CDS archive(s) mapped at: [0x000000003a000000-0x000000003ade0000-0x000000003ade0000), size 14548992, SharedBaseAddress: 0x000000003a000000, ArchiveRelocationMode: 1.
Compressed class space mapped at: 0x000000003b000000-0x000000007b000000, reserved size: 1073741824
UseCompressedClassPointers 1, UseCompactObjectHeaders 0
Narrow klass pointer bits 32, Max shift 3
Narrow klass base: 0x000000003a000000, Narrow klass shift: 0
Encoding Range: [0x000000003a000000 - 0x000000013a000000), (4294967296 bytes)
Klass Range:    [0x000000003a000000 - 0x000000007b000000), (1090519040 bytes)
Klass ID Range:  [8 - 1090519033) (1090519025)
Protection zone: [0x000000003a000000 - 0x000000003a010000), (65536 bytes)

GC Precious Log:
 CardTable entry size: 512
 Card Set container configuration: InlinePtr #cards 4 size 8 Array Of Cards #cards 16 size 48 Howl #buckets 8 coarsen threshold 3686 Howl Bitmap #cards 512 size 80 coarsen threshold 460 Card regions per heap region 1 cards per card region 4096
 CPUs: 16 total, 16 available
 Memory: 14173M
 Large Page Support: Disabled
 NUMA Support: Disabled
 Compressed Oops: Enabled (Zero based)
 Heap Region Size: 2M
 Heap Min Capacity: 8M
 Heap Initial Capacity: 8M
 Heap Max Capacity: 3544M
 Pre-touch: Disabled
 Parallel Workers: 13
 Concurrent Workers: 3
 Concurrent Refinement Workers: 13
 Periodic GC: Disabled

Heap:
 garbage-first heap   total reserved 3629056K, committed 147456K, used 60154K [0x0000000722800000, 0x0000000800000000)
  region size 2M, 18 eden (36M), 4 survivor (8M), 10 old (20M), 0 humongous (0M), 40 free (80M)

Heap Regions: E=young(eden), S=young(survivor), O=old, HS=humongous(starts), HC=humongous(continues), CS=collection set, F=free, TAMS=top-at-mark-start, PB=parsable bottom
|    0|0x0000000722800000, 0x0000000722a00000, 0x0000000722a00000|100%| O|Cm|TAMS 0x0000000722800000| PB 0x0000000722800000| Complete  |  0
|    1|0x0000000722a00000, 0x0000000722c00000, 0x0000000722c00000|100%| O|  |TAMS 0x0000000722a00000| PB 0x0000000722a00000| Untracked |  0
|    2|0x0000000722c00000, 0x0000000722e00000, 0x0000000722e00000|100%| O|  |TAMS 0x0000000722c00000| PB 0x0000000722c00000| Untracked |  0
|    3|0x0000000722e00000, 0x0000000723000000, 0x0000000723000000|100%| O|  |TAMS 0x0000000722e00000| PB 0x0000000722e00000| Untracked |  0
|    4|0x0000000723000000, 0x0000000723200000, 0x0000000723200000|100%| O|  |TAMS 0x0000000723000000| PB 0x0000000723000000| Untracked |  0
|    5|0x0000000723200000, 0x0000000723400000, 0x0000000723400000|100%| O|  |TAMS 0x0000000723200000| PB 0x0000000723200000| Untracked |  0
|    6|0x0000000723400000, 0x0000000723400000, 0x0000000723600000|  0%| F|  |TAMS 0x0000000723400000| PB 0x0000000723400000| Untracked |  0
|    7|0x0000000723600000, 0x0000000723600000, 0x0000000723800000|  0%| F|  |TAMS 0x0000000723600000| PB 0x0000000723600000| Untracked |  0
|    8|0x0000000723800000, 0x000000072382bda0, 0x0000000723a00000|  8%| O|  |TAMS 0x0000000723800000| PB 0x0000000723800000| Untracked |  0
|    9|0x0000000723a00000, 0x0000000723a00000, 0x0000000723c00000|  0%| F|  |TAMS 0x0000000723a00000| PB 0x0000000723a00000| Untracked |  0
|   10|0x0000000723c00000, 0x0000000723c00000, 0x0000000723e00000|  0%| F|  |TAMS 0x0000000723c00000| PB 0x0000000723c00000| Untracked |  0
|   11|0x0000000723e00000, 0x0000000723e00000, 0x0000000724000000|  0%| F|  |TAMS 0x0000000723e00000| PB 0x0000000723e00000| Untracked |  0
|   12|0x0000000724000000, 0x0000000724000000, 0x0000000724200000|  0%| F|  |TAMS 0x0000000724000000| PB 0x0000000724000000| Untracked |  0
|   13|0x0000000724200000, 0x0000000724200000, 0x0000000724400000|  0%| F|  |TAMS 0x0000000724200000| PB 0x0000000724200000| Untracked |  0
|   14|0x0000000724400000, 0x0000000724400000, 0x0000000724600000|  0%| F|  |TAMS 0x0000000724400000| PB 0x0000000724400000| Untracked |  0
|   15|0x0000000724600000, 0x0000000724600000, 0x0000000724800000|  0%| F|  |TAMS 0x0000000724600000| PB 0x0000000724600000| Untracked |  0
|   16|0x0000000724800000, 0x0000000724800000, 0x0000000724a00000|  0%| F|  |TAMS 0x0000000724800000| PB 0x0000000724800000| Untracked |  0
|   17|0x0000000724a00000, 0x0000000724a00000, 0x0000000724c00000|  0%| F|  |TAMS 0x0000000724a00000| PB 0x0000000724a00000| Untracked |  0
|   18|0x0000000724c00000, 0x0000000724c00000, 0x0000000724e00000|  0%| F|  |TAMS 0x0000000724c00000| PB 0x0000000724c00000| Untracked |  0
|   19|0x0000000724e00000, 0x0000000724e00000, 0x0000000725000000|  0%| F|  |TAMS 0x0000000724e00000| PB 0x0000000724e00000| Untracked |  0
|   20|0x0000000725000000, 0x0000000725000000, 0x0000000725200000|  0%| F|  |TAMS 0x0000000725000000| PB 0x0000000725000000| Untracked |  0
|   21|0x0000000725200000, 0x0000000725200000, 0x0000000725400000|  0%| F|  |TAMS 0x0000000725200000| PB 0x0000000725200000| Untracked |  0
|   22|0x0000000725400000, 0x0000000725400000, 0x0000000725600000|  0%| F|  |TAMS 0x0000000725400000| PB 0x0000000725400000| Untracked |  0
|   23|0x0000000725600000, 0x0000000725600000, 0x0000000725800000|  0%| F|  |TAMS 0x0000000725600000| PB 0x0000000725600000| Untracked |  0
|   24|0x0000000725800000, 0x0000000725800000, 0x0000000725a00000|  0%| F|  |TAMS 0x0000000725800000| PB 0x0000000725800000| Untracked |  0
|   25|0x0000000725a00000, 0x0000000725a00000, 0x0000000725c00000|  0%| F|  |TAMS 0x0000000725a00000| PB 0x0000000725a00000| Untracked |  0
|   26|0x0000000725c00000, 0x0000000725c00000, 0x0000000725e00000|  0%| F|  |TAMS 0x0000000725c00000| PB 0x0000000725c00000| Untracked |  0
|   27|0x0000000725e00000, 0x0000000725e00000, 0x0000000726000000|  0%| F|  |TAMS 0x0000000725e00000| PB 0x0000000725e00000| Untracked |  0
|   28|0x0000000726000000, 0x0000000726000000, 0x0000000726200000|  0%| F|  |TAMS 0x0000000726000000| PB 0x0000000726000000| Untracked |  0
|   29|0x0000000726200000, 0x0000000726200000, 0x0000000726400000|  0%| F|  |TAMS 0x0000000726200000| PB 0x0000000726200000| Untracked |  0
|   30|0x0000000726400000, 0x0000000726400000, 0x0000000726600000|  0%| F|  |TAMS 0x0000000726400000| PB 0x0000000726400000| Untracked |  0
|   31|0x0000000726600000, 0x0000000726600000, 0x0000000726800000|  0%| F|  |TAMS 0x0000000726600000| PB 0x0000000726600000| Untracked |  0
|   32|0x0000000726800000, 0x0000000726800000, 0x0000000726a00000|  0%| F|  |TAMS 0x0000000726800000| PB 0x0000000726800000| Untracked |  0
|   33|0x0000000726a00000, 0x0000000726a00000, 0x0000000726c00000|  0%| F|  |TAMS 0x0000000726a00000| PB 0x0000000726a00000| Untracked |  0
|   34|0x0000000726c00000, 0x0000000726c00000, 0x0000000726e00000|  0%| F|  |TAMS 0x0000000726c00000| PB 0x0000000726c00000| Untracked |  0
|   35|0x0000000726e00000, 0x0000000726e00000, 0x0000000727000000|  0%| F|  |TAMS 0x0000000726e00000| PB 0x0000000726e00000| Untracked |  0
|   36|0x0000000727000000, 0x0000000727000000, 0x0000000727200000|  0%| F|  |TAMS 0x0000000727000000| PB 0x0000000727000000| Untracked |  0
|   37|0x0000000727200000, 0x0000000727200000, 0x0000000727400000|  0%| F|  |TAMS 0x0000000727200000| PB 0x0000000727200000| Untracked |  0
|   38|0x0000000727400000, 0x0000000727400000, 0x0000000727600000|  0%| F|  |TAMS 0x0000000727400000| PB 0x0000000727400000| Untracked |  0
|   39|0x0000000727600000, 0x0000000727600000, 0x0000000727800000|  0%| F|  |TAMS 0x0000000727600000| PB 0x0000000727600000| Untracked |  0
|   40|0x0000000727800000, 0x0000000727800000, 0x0000000727a00000|  0%| F|  |TAMS 0x0000000727800000| PB 0x0000000727800000| Untracked |  0
|   41|0x0000000727a00000, 0x0000000727a92d80, 0x0000000727c00000| 28%| S|CS|TAMS 0x0000000727a00000| PB 0x0000000727a00000| Complete  |  0
|   42|0x0000000727c00000, 0x0000000727e00000, 0x0000000727e00000|100%| S|CS|TAMS 0x0000000727c00000| PB 0x0000000727c00000| Complete  |  0
|   43|0x0000000727e00000, 0x0000000728000000, 0x0000000728000000|100%| S|CS|TAMS 0x0000000727e00000| PB 0x0000000727e00000| Complete  |  0
|   44|0x0000000728000000, 0x0000000728200000, 0x0000000728200000|100%| S|CS|TAMS 0x0000000728000000| PB 0x0000000728000000| Complete  |  0
|   45|0x0000000728200000, 0x0000000728200000, 0x0000000728400000|  0%| F|  |TAMS 0x0000000728200000| PB 0x0000000728200000| Untracked |  0
|   46|0x0000000728400000, 0x0000000728400000, 0x0000000728600000|  0%| F|  |TAMS 0x0000000728400000| PB 0x0000000728400000| Untracked |  0
|   47|0x0000000728600000, 0x0000000728600000, 0x0000000728800000|  0%| F|  |TAMS 0x0000000728600000| PB 0x0000000728600000| Untracked |  0
|   48|0x0000000728800000, 0x0000000728800000, 0x0000000728a00000|  0%| F|  |TAMS 0x0000000728800000| PB 0x0000000728800000| Untracked |  0
|   49|0x0000000728a00000, 0x0000000728a00000, 0x0000000728c00000|  0%| F|  |TAMS 0x0000000728a00000| PB 0x0000000728a00000| Untracked |  0
|   50|0x0000000728c00000, 0x0000000728c00000, 0x0000000728e00000|  0%| F|  |TAMS 0x0000000728c00000| PB 0x0000000728c00000| Untracked |  0
|   51|0x0000000728e00000, 0x0000000728f90660, 0x0000000729000000| 78%| E|CS|TAMS 0x0000000728e00000| PB 0x0000000728e00000| Complete  |  0
|   52|0x0000000729000000, 0x0000000729200000, 0x0000000729200000|100%| E|CS|TAMS 0x0000000729000000| PB 0x0000000729000000| Complete  |  0
|   53|0x0000000729200000, 0x0000000729400000, 0x0000000729400000|100%| E|CS|TAMS 0x0000000729200000| PB 0x0000000729200000| Complete  |  0
|   54|0x0000000729400000, 0x0000000729600000, 0x0000000729600000|100%| E|CS|TAMS 0x0000000729400000| PB 0x0000000729400000| Complete  |  0
|   55|0x0000000729600000, 0x0000000729800000, 0x0000000729800000|100%| E|CS|TAMS 0x0000000729600000| PB 0x0000000729600000| Complete  |  0
|   56|0x0000000729800000, 0x0000000729a00000, 0x0000000729a00000|100%| E|CS|TAMS 0x0000000729800000| PB 0x0000000729800000| Complete  |  0
|   57|0x0000000729a00000, 0x0000000729c00000, 0x0000000729c00000|100%| E|CS|TAMS 0x0000000729a00000| PB 0x0000000729a00000| Complete  |  0
|   58|0x0000000729c00000, 0x0000000729e00000, 0x0000000729e00000|100%| E|CS|TAMS 0x0000000729c00000| PB 0x0000000729c00000| Complete  |  0
|   59|0x0000000729e00000, 0x000000072a000000, 0x000000072a000000|100%| E|CS|TAMS 0x0000000729e00000| PB 0x0000000729e00000| Complete  |  0
|   60|0x000000072a000000, 0x000000072a200000, 0x000000072a200000|100%| E|CS|TAMS 0x000000072a000000| PB 0x000000072a000000| Complete  |  0
|   61|0x000000072a200000, 0x000000072a400000, 0x000000072a400000|100%| E|CS|TAMS 0x000000072a200000| PB 0x000000072a200000| Complete  |  0
|   62|0x000000072a400000, 0x000000072a600000, 0x000000072a600000|100%| E|CS|TAMS 0x000000072a400000| PB 0x000000072a400000| Complete  |  0
|   63|0x000000072a600000, 0x000000072a800000, 0x000000072a800000|100%| E|CS|TAMS 0x000000072a600000| PB 0x000000072a600000| Complete  |  0
|   64|0x000000072a800000, 0x000000072aa00000, 0x000000072aa00000|100%| E|CS|TAMS 0x000000072a800000| PB 0x000000072a800000| Complete  |  0
|   65|0x000000072aa00000, 0x000000072ac00000, 0x000000072ac00000|100%| E|CS|TAMS 0x000000072aa00000| PB 0x000000072aa00000| Complete  |  0
|   66|0x000000072ac00000, 0x000000072ae00000, 0x000000072ae00000|100%| E|CS|TAMS 0x000000072ac00000| PB 0x000000072ac00000| Complete  |  0
|   67|0x000000072ae00000, 0x000000072b000000, 0x000000072b000000|100%| E|CS|TAMS 0x000000072ae00000| PB 0x000000072ae00000| Complete  |  0
| 1768|0x00000007ff800000, 0x00000007ffa00000, 0x00000007ffa00000|100%| O|  |TAMS 0x00000007ff800000| PB 0x00000007ff800000| Untracked |  0
| 1769|0x00000007ffa00000, 0x00000007ffc00000, 0x00000007ffc00000|100%| O|  |TAMS 0x00000007ffa00000| PB 0x00000007ffa00000| Untracked |  0
| 1770|0x00000007ffc00000, 0x00000007ffe00000, 0x00000007ffe00000|100%| O|  |TAMS 0x00000007ffc00000| PB 0x00000007ffc00000| Untracked |  0
| 1771|0x00000007ffe00000, 0x0000000800000000, 0x0000000800000000|100%| E|CS|TAMS 0x00000007ffe00000| PB 0x00000007ffe00000| Complete  |  0

Card table byte_map: [0x000001887c730000,0x000001887ce20000] _byte_map_base: 0x0000018878e1c000
Refinement table byte_map: [0x000001887ce20000,0x000001887d510000] _byte_map_base: 0x000001887950c000

Marking Bits: (CMBitMap*) 0x00000188719cd1e0
 Bits: [0x000001880f010000, 0x0000018812770000)

Polling page: 0x000001886fc30000

Metaspace:
Metaspace        used 40685K, committed 41088K, reserved 1114112K
 class space     used 5329K, committed 5504K, reserved 1048576K

Usage:
  Non-class:     34.53 MB used.
      Class:      5.20 MB used.
       Both:     39.73 MB used.

Virtual space:
  Non-class space:       64.00 MB reserved,      34.75 MB ( 54%) committed,  1 nodes.
      Class space:        1.00 GB reserved,       5.38 MB ( <1%) committed,  1 nodes.
             Both:        1.06 GB reserved,      40.12 MB (  4%) committed. 

Chunk freelists:
   Non-Class:  12.45 MB
       Class:  10.64 MB
        Both:  23.09 MB

MaxMetaspaceSize: unlimited
CompressedClassSpaceSize: 1.00 GB
Initial GC threshold: 21.00 MB
Current GC threshold: 58.88 MB
CDS: on
 - commit_granule_bytes: 65536.
 - commit_granule_words: 8192.
 - virtual_space_node_default_size: 8388608.
 - enlarge_chunks_in_place: 1.
UseCompressedClassPointers 1, UseCompactObjectHeaders 0
Narrow klass pointer bits 32, Max shift 3
Narrow klass base: 0x000000003a000000, Narrow klass shift: 0
Encoding Range: [0x000000003a000000 - 0x000000013a000000), (4294967296 bytes)
Klass Range:    [0x000000003a000000 - 0x000000007b000000), (1090519040 bytes)
Klass ID Range:  [8 - 1090519033) (1090519025)
Protection zone: [0x000000003a000000 - 0x000000003a010000), (65536 bytes)


Internal statistics:

num_allocs_failed_limit: 8.
num_arena_births: 462.
num_arena_deaths: 0.
num_vsnodes_births: 2.
num_vsnodes_deaths: 0.
num_space_committed: 642.
num_space_uncommitted: 0.
num_chunks_returned_to_freelist: 8.
num_chunks_taken_from_freelist: 1838.
num_chunk_merges: 8.
num_chunk_splits: 1305.
num_chunks_enlarged: 1044.
num_inconsistent_stats: 0.

CodeHeap 'non-profiled nmethods': size=119168Kb used=2754Kb max_used=2754Kb free=116413Kb
 bounds [0x0000018807bb0000, 0x0000018807e70000, 0x000001880f010000]
CodeHeap 'profiled nmethods': size=119168Kb used=8818Kb max_used=8940Kb free=110349Kb
 bounds [0x0000018800000000, 0x00000188008c0000, 0x0000018807460000]
CodeHeap 'non-nmethods': size=7488Kb used=3177Kb max_used=3395Kb free=4310Kb
 bounds [0x0000018807460000, 0x00000188077c0000, 0x0000018807bb0000]
CodeCache: size=245824Kb, used=14749Kb, max_used=15089Kb, free=231072Kb
 total_blobs=5817, nmethods=5210, adapters=508, full_count=0
Compilation: enabled, stopped_count=0, restarted_count=0

Compilation events (20 events):
Event: 6.228 Thread 0x0000018812b685c0 nmethod 5678 0x0000018807e29188 code [0x0000018807e29280, 0x0000018807e29338]
Event: 6.228 Thread 0x0000018812b6be30 nmethod 5672 0x0000018800394888 code [0x0000018800394980, 0x0000018800395280]
Event: 6.257 Thread 0x0000018812b6be30 5683       3       jdk.internal.classfile.impl.StackMapGenerator::processLdc (300 bytes)
Event: 6.259 Thread 0x0000018812b68dd0 5686       3       jdk.internal.classfile.impl.UnboundAttribute$UnboundRuntimeVisibleAnnotationsAttribute::attributeName (4 bytes)
Event: 6.259 Thread 0x0000018812b685c0 5687       3       jdk.internal.classfile.impl.AbstractAttributeMapper$RuntimeVisibleAnnotationsMapper::writeBody (10 bytes)
Event: 6.259 Thread 0x0000018812b69df0 5689       3       jdk.internal.classfile.impl.AnnotationReader::writeAnnotations (52 bytes)
Event: 6.260 Thread 0x0000018812b68dd0 nmethod 5686 0x0000018800394588 code [0x0000018800394680, 0x0000018800394780]
Event: 6.260 Thread 0x0000018812b68dd0 5688       3       jdk.internal.classfile.impl.AbstractAttributeMapper$RuntimeVisibleAnnotationsMapper::writeBody (11 bytes)
Event: 6.260 Thread 0x0000018812b685c0 nmethod 5687 0x0000018800394088 code [0x0000018800394180, 0x0000018800394558]
Event: 6.260 Thread 0x0000018812b68dd0 nmethod 5688 0x0000018800393d08 code [0x0000018800393e00, 0x0000018800394010]
Event: 6.260 Thread 0x0000018812b69df0 nmethod 5689 0x0000018800393288 code [0x0000018800393380, 0x0000018800393ce0]
Event: 6.261 Thread 0x0000018812b6be30 nmethod 5683 0x0000018800390788 code [0x0000018800390880, 0x0000018800393250]
Event: 6.261 Thread 0x0000018812b6be30 5692       3       jdk.internal.misc.CDS::isLoggingLambdaFormInvokers (15 bytes)
Event: 6.261 Thread 0x0000018812b6be30 nmethod 5692 0x0000018800390488 code [0x0000018800390580, 0x0000018800390670]
Event: 6.262 Thread 0x0000018812b6be30 5693       3       java.lang.invoke.ClassSpecializer::classDesc (73 bytes)
Event: 6.262 Thread 0x0000018812b69df0 5694       1       java.lang.invoke.LambdaForm$BasicType::basicTypeWrapper (5 bytes)
Event: 6.262 Thread 0x0000018812b69df0 nmethod 5694 0x0000018807e2ac88 code [0x0000018807e2ad80, 0x0000018807e2ae38]
Event: 6.262 Thread 0x0000018812b6be30 nmethod 5693 0x000001880038f788 code [0x000001880038f880, 0x0000018800390460]
Event: 6.341 Thread 0x0000018819182920 nmethod 5619 0x0000018807e2b588 code [0x0000018807e2b680, 0x0000018807e2dea0]
Event: 6.342 Thread 0x0000018819182920 5609       4       java.lang.Class::privateGetDeclaredMethods (56 bytes)

GC Heap Usage History (20 events):
Event: 0.501 {heap Before GC invocations=2 (full 0):
 garbage-first heap   total reserved 3629056K, committed 12288K, used 6096K [0x0000000722800000, 0x0000000800000000)
  region size 2M, 1 eden (2M), 1 survivor (2M), 3 old (6M), 0 humongous (0M), 1 free (2M)
}
Event: 0.503 {heap After GC invocations=3 (full 0):
 garbage-first heap   total reserved 3629056K, committed 14336K, used 8002K [0x0000000722800000, 0x0000000800000000)
  region size 2M, 0 eden (0M), 1 survivor (2M), 4 old (8M), 0 humongous (0M), 2 free (4M)
}
Event: 0.598 {heap Before GC invocations=3 (full 0):
 garbage-first heap   total reserved 3629056K, committed 14336K, used 10050K [0x0000000722800000, 0x0000000800000000)
  region size 2M, 1 eden (2M), 1 survivor (2M), 4 old (8M), 0 humongous (0M), 1 free (2M)
}
Event: 0.603 {heap After GC invocations=4 (full 0):
 garbage-first heap   total reserved 3629056K, committed 49152K, used 8650K [0x0000000722800000, 0x0000000800000000)
  region size 2M, 0 eden (0M), 1 survivor (2M), 5 old (10M), 0 humongous (0M), 18 free (36M)
}
Event: 1.210 {heap Before GC invocations=5 (full 0):
 garbage-first heap   total reserved 3629056K, committed 49152K, used 20938K [0x0000000722800000, 0x0000000800000000)
  region size 2M, 7 eden (14M), 1 survivor (2M), 5 old (10M), 0 humongous (0M), 11 free (22M)
}
Event: 1.217 {heap After GC invocations=6 (full 0):
 garbage-first heap   total reserved 3629056K, committed 49152K, used 10492K [0x0000000722800000, 0x0000000800000000)
  region size 2M, 0 eden (0M), 1 survivor (2M), 5 old (10M), 0 humongous (0M), 18 free (36M)
}
Event: 1.828 {heap Before GC invocations=6 (full 0):
 garbage-first heap   total reserved 3629056K, committed 49152K, used 26876K [0x0000000722800000, 0x0000000800000000)
  region size 2M, 8 eden (16M), 1 survivor (2M), 5 old (10M), 0 humongous (0M), 10 free (20M)
}
Event: 1.833 {heap After GC invocations=7 (full 0):
 garbage-first heap   total reserved 3629056K, committed 49152K, used 10970K [0x0000000722800000, 0x0000000800000000)
  region size 2M, 0 eden (0M), 2 survivor (4M), 5 old (10M), 0 humongous (0M), 17 free (34M)
}
Event: 2.414 {heap Before GC invocations=7 (full 0):
 garbage-first heap   total reserved 3629056K, committed 49152K, used 29402K [0x0000000722800000, 0x0000000800000000)
  region size 2M, 10 eden (20M), 2 survivor (4M), 5 old (10M), 0 humongous (0M), 7 free (14M)
}
Event: 2.419 {heap After GC invocations=8 (full 0):
 garbage-first heap   total reserved 3629056K, committed 49152K, used 12748K [0x0000000722800000, 0x0000000800000000)
  region size 2M, 0 eden (0M), 2 survivor (4M), 6 old (12M), 0 humongous (0M), 16 free (32M)
}
Event: 2.752 {heap Before GC invocations=8 (full 0):
 garbage-first heap   total reserved 3629056K, committed 49152K, used 31180K [0x0000000722800000, 0x0000000800000000)
  region size 2M, 10 eden (20M), 2 survivor (4M), 6 old (12M), 0 humongous (0M), 6 free (12M)
}
Event: 2.757 {heap After GC invocations=9 (full 0):
 garbage-first heap   total reserved 3629056K, committed 49152K, used 14254K [0x0000000722800000, 0x0000000800000000)
  region size 2M, 0 eden (0M), 2 survivor (4M), 6 old (12M), 0 humongous (0M), 16 free (32M)
}
Event: 2.933 {heap Before GC invocations=9 (full 0):
 garbage-first heap   total reserved 3629056K, committed 49152K, used 22446K [0x0000000722800000, 0x0000000800000000)
  region size 2M, 6 eden (12M), 2 survivor (4M), 6 old (12M), 0 humongous (0M), 10 free (20M)
}
Event: 2.937 {heap After GC invocations=10 (full 0):
 garbage-first heap   total reserved 3629056K, committed 49152K, used 15885K [0x0000000722800000, 0x0000000800000000)
  region size 2M, 0 eden (0M), 2 survivor (4M), 7 old (14M), 0 humongous (0M), 15 free (30M)
}
Event: 3.260 {heap Before GC invocations=11 (full 0):
 garbage-first heap   total reserved 3629056K, committed 49152K, used 36365K [0x0000000722800000, 0x0000000800000000)
  region size 2M, 10 eden (20M), 2 survivor (4M), 7 old (14M), 0 humongous (0M), 5 free (10M)
}
Event: 3.265 {heap After GC invocations=12 (full 0):
 garbage-first heap   total reserved 3629056K, committed 49152K, used 18432K [0x0000000722800000, 0x0000000800000000)
  region size 2M, 0 eden (0M), 2 survivor (4M), 8 old (16M), 0 humongous (0M), 14 free (28M)
}
Event: 3.572 {heap Before GC invocations=12 (full 0):
 garbage-first heap   total reserved 3629056K, committed 49152K, used 34816K [0x0000000722800000, 0x0000000800000000)
  region size 2M, 9 eden (18M), 2 survivor (4M), 8 old (16M), 0 humongous (0M), 5 free (10M)
}
Event: 3.579 {heap After GC invocations=13 (full 0):
 garbage-first heap   total reserved 3629056K, committed 147456K, used 20758K [0x0000000722800000, 0x0000000800000000)
  region size 2M, 0 eden (0M), 2 survivor (4M), 10 old (20M), 0 humongous (0M), 60 free (120M)
}
Event: 5.163 {heap Before GC invocations=13 (full 0):
 garbage-first heap   total reserved 3629056K, committed 147456K, used 65814K [0x0000000722800000, 0x0000000800000000)
  region size 2M, 24 eden (48M), 2 survivor (4M), 10 old (20M), 0 humongous (0M), 36 free (72M)
}
Event: 5.172 {heap After GC invocations=14 (full 0):
 garbage-first heap   total reserved 3629056K, committed 147456K, used 25338K [0x0000000722800000, 0x0000000800000000)
  region size 2M, 0 eden (0M), 4 survivor (8M), 10 old (20M), 0 humongous (0M), 58 free (116M)
}

Metaspace Usage History (20 events):
Event: 0.501 {metaspace Before GC invocations=2 (full 0):
 Metaspace       used 430K, committed 640K, reserved 1114112K
  class space    used 9K, committed 128K, reserved 1048576K
}
Event: 0.503 {metaspace After GC invocations=3 (full 0):
 Metaspace       used 430K, committed 640K, reserved 1114112K
  class space    used 9K, committed 128K, reserved 1048576K
}
Event: 0.598 {metaspace Before GC invocations=3 (full 0):
 Metaspace       used 1394K, committed 1536K, reserved 1114112K
  class space    used 100K, committed 192K, reserved 1048576K
}
Event: 0.603 {metaspace After GC invocations=4 (full 0):
 Metaspace       used 1394K, committed 1536K, reserved 1114112K
  class space    used 100K, committed 192K, reserved 1048576K
}
Event: 1.210 {metaspace Before GC invocations=5 (full 0):
 Metaspace       used 4736K, committed 4928K, reserved 1114112K
  class space    used 485K, committed 576K, reserved 1048576K
}
Event: 1.217 {metaspace After GC invocations=6 (full 0):
 Metaspace       used 4736K, committed 4928K, reserved 1114112K
  class space    used 485K, committed 576K, reserved 1048576K
}
Event: 1.828 {metaspace Before GC invocations=6 (full 0):
 Metaspace       used 8978K, committed 9216K, reserved 1114112K
  class space    used 1039K, committed 1152K, reserved 1048576K
}
Event: 1.833 {metaspace After GC invocations=7 (full 0):
 Metaspace       used 8978K, committed 9216K, reserved 1114112K
  class space    used 1039K, committed 1152K, reserved 1048576K
}
Event: 2.414 {metaspace Before GC invocations=7 (full 0):
 Metaspace       used 13671K, committed 13952K, reserved 1114112K
  class space    used 1728K, committed 1856K, reserved 1048576K
}
Event: 2.419 {metaspace After GC invocations=8 (full 0):
 Metaspace       used 13671K, committed 13952K, reserved 1114112K
  class space    used 1728K, committed 1856K, reserved 1048576K
}
Event: 2.752 {metaspace Before GC invocations=8 (full 0):
 Metaspace       used 18879K, committed 19200K, reserved 1114112K
  class space    used 2494K, committed 2624K, reserved 1048576K
}
Event: 2.757 {metaspace After GC invocations=9 (full 0):
 Metaspace       used 18879K, committed 19200K, reserved 1114112K
  class space    used 2494K, committed 2624K, reserved 1048576K
}
Event: 2.933 {metaspace Before GC invocations=9 (full 0):
 Metaspace       used 21229K, committed 21504K, reserved 1114112K
  class space    used 2792K, committed 2944K, reserved 1048576K
}
Event: 2.937 {metaspace After GC invocations=10 (full 0):
 Metaspace       used 21229K, committed 21504K, reserved 1114112K
  class space    used 2792K, committed 2944K, reserved 1048576K
}
Event: 3.260 {metaspace Before GC invocations=11 (full 0):
 Metaspace       used 25573K, committed 25856K, reserved 1114112K
  class space    used 3270K, committed 3392K, reserved 1048576K
}
Event: 3.265 {metaspace After GC invocations=12 (full 0):
 Metaspace       used 25573K, committed 25856K, reserved 1114112K
  class space    used 3270K, committed 3392K, reserved 1048576K
}
Event: 3.572 {metaspace Before GC invocations=12 (full 0):
 Metaspace       used 28972K, committed 29184K, reserved 1114112K
  class space    used 3692K, committed 3776K, reserved 1048576K
}
Event: 3.579 {metaspace After GC invocations=13 (full 0):
 Metaspace       used 28972K, committed 29184K, reserved 1114112K
  class space    used 3692K, committed 3776K, reserved 1048576K
}
Event: 5.163 {metaspace Before GC invocations=13 (full 0):
 Metaspace       used 35786K, committed 36096K, reserved 1114112K
  class space    used 4640K, committed 4800K, reserved 1048576K
}
Event: 5.172 {metaspace After GC invocations=14 (full 0):
 Metaspace       used 35786K, committed 36096K, reserved 1114112K
  class space    used 4640K, committed 4800K, reserved 1048576K
}

Dll operation events (20 events):
Event: 0.279 Attempting to load shared library C:\Users\maure\.jdks\openjdk-26.0.1\bin\zip.dll
Event: 0.280 Loaded shared library C:\Users\maure\.jdks\openjdk-26.0.1\bin\zip.dll
Event: 0.286 Attempting to load shared library C:\Users\maure\.jdks\openjdk-26.0.1\bin\instrument.dll
Event: 0.286 Loaded shared library C:\Users\maure\.jdks\openjdk-26.0.1\bin\instrument.dll
Event: 0.295 Attempting to load shared library C:\Users\maure\.jdks\openjdk-26.0.1\bin\net.dll
Event: 0.296 Loaded shared library C:\Users\maure\.jdks\openjdk-26.0.1\bin\net.dll
Event: 0.300 Attempting to load shared library C:\Users\maure\.jdks\openjdk-26.0.1\bin\nio.dll
Event: 0.300 Loaded shared library C:\Users\maure\.jdks\openjdk-26.0.1\bin\nio.dll
Event: 0.309 Attempting to load shared library C:\Users\maure\.jdks\openjdk-26.0.1\bin\zip.dll
Event: 0.309 Loaded shared library C:\Users\maure\.jdks\openjdk-26.0.1\bin\zip.dll
Event: 0.555 Attempting to load shared library C:\Users\maure\.jdks\openjdk-26.0.1\bin\extnet.dll
Event: 0.555 Loaded shared library C:\Users\maure\.jdks\openjdk-26.0.1\bin\extnet.dll
Event: 0.614 Attempting to load shared library C:\Users\maure\.jdks\openjdk-26.0.1\bin\jimage.dll
Event: 0.614 Loaded shared library C:\Users\maure\.jdks\openjdk-26.0.1\bin\jimage.dll
Event: 1.531 Attempting to load shared library C:\Users\maure\.jdks\openjdk-26.0.1\bin\management.dll
Event: 1.532 Loaded shared library C:\Users\maure\.jdks\openjdk-26.0.1\bin\management.dll
Event: 1.534 Attempting to load shared library C:\Users\maure\.jdks\openjdk-26.0.1\bin\management_ext.dll
Event: 1.535 Loaded shared library C:\Users\maure\.jdks\openjdk-26.0.1\bin\management_ext.dll
Event: 3.129 Attempting to load shared library C:\Users\maure\.jdks\openjdk-26.0.1\bin\sunmscapi.dll
Event: 3.132 Loaded shared library C:\Users\maure\.jdks\openjdk-26.0.1\bin\sunmscapi.dll

Deoptimization events (20 events):
Event: 6.133 Thread 0x0000018818b03890 Uncommon trap: trap_request=0xffffff5e fr.pc=0x0000018807db3488 relative=0x0000000000000488
Event: 6.133 Thread 0x0000018818b03890 Uncommon trap: reason=speculate_class_check action=maybe_recompile pc=0x0000018807db3488 method=java.lang.String.<init>(Ljava/lang/AbstractStringBuilder;Ljava/lang/Void;)V @ 10 c2
Event: 6.133 Thread 0x0000018818b03890 DEOPT PACKING pc=0x0000018807db3488 sp=0x000000577c4fe770
Event: 6.133 Thread 0x0000018818b03890 DEOPT UNPACKING pc=0x0000018807582282 sp=0x000000577c4fe760 mode 2
Event: 6.135 Thread 0x0000018818b03890 Uncommon trap: trap_request=0xffffff45 fr.pc=0x0000018807c06180 relative=0x0000000000000080
Event: 6.135 Thread 0x0000018818b03890 Uncommon trap: reason=unstable_if action=reinterpret pc=0x0000018807c06180 method=java.lang.Long.equals(Ljava/lang/Object;)Z @ 21 c2
Event: 6.135 Thread 0x0000018818b03890 DEOPT PACKING pc=0x0000018807c06180 sp=0x000000577c4fdf00
Event: 6.135 Thread 0x0000018818b03890 DEOPT UNPACKING pc=0x0000018807582282 sp=0x000000577c4fdea8 mode 2
Event: 6.146 Thread 0x000001881759e340 Uncommon trap: trap_request=0xffffff45 fr.pc=0x0000018807d4aa18 relative=0x0000000000002298
Event: 6.146 Thread 0x000001881759e340 Uncommon trap: reason=unstable_if action=reinterpret pc=0x0000018807d4aa18 method=java.net.URLStreamHandler.parseURL(Ljava/net/URL;Ljava/lang/String;II)V @ 57 c2
Event: 6.146 Thread 0x000001881759e340 DEOPT PACKING pc=0x0000018807d4aa18 sp=0x000000577d4fedf0
Event: 6.146 Thread 0x000001881759e340 DEOPT UNPACKING pc=0x0000018807582282 sp=0x000000577d4fedc0 mode 2
Event: 6.150 Thread 0x0000018818b03890 Uncommon trap: trap_request=0xfffffff4 fr.pc=0x0000018807c96be8 relative=0x0000000000000368
Event: 6.150 Thread 0x0000018818b03890 Uncommon trap: reason=null_check action=make_not_entrant pc=0x0000018807c96be8 method=java.util.Arrays.fill([Ljava/lang/Object;Ljava/lang/Object;)V @ 13 c2
Event: 6.150 Thread 0x0000018818b03890 DEOPT PACKING pc=0x0000018807c96be8 sp=0x000000577c4fde60
Event: 6.150 Thread 0x0000018818b03890 DEOPT UNPACKING pc=0x0000018807582282 sp=0x000000577c4fde00 mode 2
Event: 6.261 Thread 0x000001881ca81e80 Uncommon trap: trap_request=0xffffffc6 fr.pc=0x0000018807da9380 relative=0x0000000000000700
Event: 6.261 Thread 0x000001881ca81e80 Uncommon trap: reason=bimorphic_or_optimized_type_check action=maybe_recompile pc=0x0000018807da9380 method=jdk.internal.classfile.impl.AttributeHolder.withAttribute(Ljava/lang/classfile/Attribute;)V @ 47 c2
Event: 6.261 Thread 0x000001881ca81e80 DEOPT PACKING pc=0x0000018807da9380 sp=0x000000577d1fdbd0
Event: 6.261 Thread 0x000001881ca81e80 DEOPT UNPACKING pc=0x0000018807582282 sp=0x000000577d1fdbc0 mode 2

Classes loaded (20 events):
Event: 6.255 Loading class sun/nio/ch/FileChannelImpl$DefaultUnmapper
Event: 6.255 Loading class sun/nio/ch/FileChannelImpl$Unmapper
Event: 6.255 Loading class jdk/internal/access/foreign/UnmapperProxy
Event: 6.255 Loading class jdk/internal/access/foreign/UnmapperProxy done
Event: 6.255 Loading class sun/nio/ch/FileChannelImpl$Unmapper done
Event: 6.255 Loading class sun/nio/ch/FileChannelImpl$DefaultUnmapper done
Event: 6.261 Loading class java/lang/invoke/BoundMethodHandle$Species_LLLLLLL
Event: 6.261 Loading class java/lang/invoke/BoundMethodHandle$Species_LLLLLLL done
Event: 6.265 Loading class java/nio/BufferCleaner
Event: 6.265 Loading class java/nio/BufferCleaner done
Event: 6.265 Loading class java/nio/BufferCleaner$CleanerList
Event: 6.265 Loading class java/nio/BufferCleaner$CleanerList done
Event: 6.265 Loading class java/nio/BufferCleaner$CleanerList$Node
Event: 6.265 Loading class java/nio/BufferCleaner$CleanerList$Node done
Event: 6.265 Loading class java/nio/BufferCleaner$PhantomCleaner
Event: 6.265 Loading class sun/nio/Cleaner
Event: 6.265 Loading class sun/nio/Cleaner done
Event: 6.265 Loading class java/nio/BufferCleaner$PhantomCleaner done
Event: 6.265 Loading class java/nio/BufferCleaner$CleaningRunnable
Event: 6.265 Loading class java/nio/BufferCleaner$CleaningRunnable done

Classes unloaded (0 events):
No events

Classes redefined (0 events):
No events

Internal exceptions (20 events):
Event: 5.353 Thread 0x0000018818b03890 Exception <a 'java/lang/IncompatibleClassChangeError'{0x000000072add3b78}: Found class java.lang.Object, but interface was expected> (0x000000072add3b78) 
thrown [s\open\src\hotspot\share\interpreter\linkResolver.cpp, line 871]
Event: 5.354 Thread 0x0000018818b03890 Exception <a 'java/lang/NoSuchMethodError'{0x000000072adfb470}: 'int java.lang.invoke.DirectMethodHandle$Holder.invokeSpecialIFC(java.lang.Object, java.lang.Object, java.lang.Object)'> (0x000000072adfb470) 
thrown [s\open\src\hotspot\share\interpreter\linkResolver.cpp, line 804]
Event: 5.355 Thread 0x0000018818b03890 Exception <a 'java/lang/IncompatibleClassChangeError'{0x000000072aa0dd38}: Found class java.lang.Object, but interface was expected> (0x000000072aa0dd38) 
thrown [s\open\src\hotspot\share\interpreter\linkResolver.cpp, line 871]
Event: 5.355 Thread 0x0000018818b03890 Exception <a 'java/lang/IncompatibleClassChangeError'{0x000000072aa1dfa8}: Found class java.lang.Object, but interface was expected> (0x000000072aa1dfa8) 
thrown [s\open\src\hotspot\share\interpreter\linkResolver.cpp, line 871]
Event: 5.356 Thread 0x0000018818b03890 Exception <a 'java/lang/IncompatibleClassChangeError'{0x000000072aa36380}: Found class java.lang.Object, but interface was expected> (0x000000072aa36380) 
thrown [s\open\src\hotspot\share\interpreter\linkResolver.cpp, line 871]
Event: 5.364 Thread 0x0000018818b03890 Exception <a 'java/lang/NoSuchMethodError'{0x000000072aab10f0}: 'void java.lang.invoke.DirectMethodHandle$Holder.invokeStatic(java.lang.Object, java.lang.Object, java.lang.Object, int, java.lang.Object)'> (0x000000072aab10f0) 
thrown [s\open\src\hotspot\share\interpreter\linkResolver.cpp, line 804]
Event: 5.377 Thread 0x0000018818b03890 Exception <a 'java/lang/NoSuchMethodError'{0x000000072ab995e0}: 'void java.lang.invoke.DirectMethodHandle$Holder.invokeStatic(java.lang.Object, int, java.lang.Object)'> (0x000000072ab995e0) 
thrown [s\open\src\hotspot\share\interpreter\linkResolver.cpp, line 804]
Event: 5.435 Thread 0x0000018818b03890 Exception <a 'java/lang/NoSuchMethodError'{0x000000072a61ad40}: 'java.lang.Object java.lang.invoke.DirectMethodHandle$Holder.invokeVirtual(java.lang.Object, java.lang.Object, java.lang.Object, java.lang.Object, java.lang.Object)'> (0x000000072a61ad40) 
thrown [s\open\src\hotspot\share\interpreter\linkResolver.cpp, line 804]
Event: 5.527 Thread 0x0000018818b03890 Exception <a 'java/lang/NoSuchMethodError'{0x000000072a411b00}: 'java.lang.Object java.lang.invoke.DirectMethodHandle$Holder.invokeStaticInit(java.lang.Object, java.lang.Object, int, int, int, int)'> (0x000000072a411b00) 
thrown [s\open\src\hotspot\share\interpreter\linkResolver.cpp, line 804]
Event: 5.756 Thread 0x0000018818b03890 Exception <a 'java/lang/NoSuchMethodError'{0x0000000729cb5a88}: 'int java.lang.invoke.DirectMethodHandle$Holder.invokeVirtual(java.lang.Object, java.lang.Object, java.lang.Object, java.lang.Object)'> (0x0000000729cb5a88) 
thrown [s\open\src\hotspot\share\interpreter\linkResolver.cpp, line 804]
Event: 5.803 Thread 0x0000018818b03890 Exception <a 'java/io/FileNotFoundException'{0x0000000729dc4c18}> (0x0000000729dc4c18) 
thrown [s\open\src\hotspot\share\prims\jni.cpp, line 514]
Event: 5.943 Thread 0x0000018818b03890 Exception <a 'java/lang/NoSuchMethodError'{0x0000000729bd78b0}: 'int java.lang.invoke.DirectMethodHandle$Holder.invokeInterface(java.lang.Object, java.lang.Object, java.lang.Object, java.lang.Object)'> (0x0000000729bd78b0) 
thrown [s\open\src\hotspot\share\interpreter\linkResolver.cpp, line 804]
Event: 6.050 Thread 0x0000018818b03890 Exception <a 'java/io/FileNotFoundException'{0x00000007296b29a8}> (0x00000007296b29a8) 
thrown [s\open\src\hotspot\share\prims\jni.cpp, line 514]
Event: 6.095 Thread 0x0000018818b03890 Exception <a 'java/lang/NoSuchMethodError'{0x00000007294a7418}: 'void java.lang.invoke.DirectMethodHandle$Holder.invokeVirtual(java.lang.Object, java.lang.Object, long)'> (0x00000007294a7418) 
thrown [s\open\src\hotspot\share\interpreter\linkResolver.cpp, line 804]
Event: 6.150 Thread 0x0000018818b03890 Implicit null exception at 0x0000018807c968b3 to 0x0000018807c96bd8
Event: 6.151 Thread 0x000001881ca82e20 Exception <a 'java/lang/InterruptedException'{0x0000000729400068}: sleep interrupted> (0x0000000729400068) 
thrown [s\open\src\hotspot\share\prims\jvm.cpp, line 2873]
Event: 6.256 Thread 0x000001881ca81e80 Exception <a 'java/lang/NoSuchMethodError'{0x0000000728ead1d8}: 'long java.lang.invoke.DirectMethodHandle$Holder.invokeStatic(java.lang.Object, java.lang.Object, int)'> (0x0000000728ead1d8) 
thrown [s\open\src\hotspot\share\interpreter\linkResolver.cpp, line 804]
Event: 6.257 Thread 0x000001881ca81e80 Exception <a 'java/lang/NoSuchMethodError'{0x0000000728ebd3b0}: 'long java.lang.invoke.DelegatingMethodHandle$Holder.reinvoke_L(java.lang.Object, java.lang.Object, int)'> (0x0000000728ebd3b0) 
thrown [s\open\src\hotspot\share\interpreter\linkResolver.cpp, line 804]
Event: 6.258 Thread 0x000001881ca81e80 Exception <a 'java/lang/NoSuchMethodError'{0x0000000728ed5618}: 'java.lang.Object java.lang.invoke.DelegatingMethodHandle$Holder.reinvoke_L(java.lang.Object, int, long, java.lang.Object, java.lang.Object, int, java.lang.Object)'> (0x0000000728ed5618) 
thrown [s\open\src\hotspot\share\interpreter\linkResolver.cpp, line 804]
Event: 6.263 Thread 0x000001881ca81e80 Exception <a 'java/lang/NoSuchMethodError'{0x0000000728f25138}: 'java.lang.Object java.lang.invoke.DirectMethodHandle$Holder.invokeStatic(java.lang.Object, java.lang.Object, java.lang.Object, java.lang.Object, java.lang.Object, java.lang.Object, java.lang.Object, java.lang.Object, java.lang.Object, java.lang.Object)'> (0x0000000728f25138) 
thrown [s\open\src\hotspot\share\interpreter\linkResolver.cpp, line 804]

VM Operations (20 events):
Event: 5.051 Executing non-safepoint VM operation: HandshakeAllThreads (Deoptimize)
Event: 5.051 Executing non-safepoint VM operation: HandshakeAllThreads (Deoptimize) done
Event: 5.163 Executing safepoint VM operation: CollectForMetadataAllocation (Metadata GC Threshold)
Event: 5.172 Executing safepoint VM operation: CollectForMetadataAllocation (Metadata GC Threshold) done
Event: 5.195 Executing safepoint VM operation: G1PauseRemark
Event: 5.199 Executing safepoint VM operation: G1PauseRemark done
Event: 5.207 Executing safepoint VM operation: G1PauseCleanup
Event: 5.207 Executing safepoint VM operation: G1PauseCleanup done
Event: 5.265 Executing non-safepoint VM operation: HandshakeAllThreads (Deoptimize)
Event: 5.265 Executing non-safepoint VM operation: HandshakeAllThreads (Deoptimize) done
Event: 5.679 Executing non-safepoint VM operation: HandshakeAllThreads (Deoptimize)
Event: 5.679 Executing non-safepoint VM operation: HandshakeAllThreads (Deoptimize) done
Event: 5.914 Executing non-safepoint VM operation: HandshakeAllThreads (Deoptimize)
Event: 5.914 Executing non-safepoint VM operation: HandshakeAllThreads (Deoptimize) done
Event: 6.001 Executing non-safepoint VM operation: HandshakeAllThreads (Deoptimize)
Event: 6.001 Executing non-safepoint VM operation: HandshakeAllThreads (Deoptimize) done
Event: 6.053 Executing non-safepoint VM operation: HandshakeAllThreads (Deoptimize)
Event: 6.053 Executing non-safepoint VM operation: HandshakeAllThreads (Deoptimize) done
Event: 6.220 Executing safepoint VM operation: JFRSafepointWrite
Event: 6.220 Executing safepoint VM operation: JFRSafepointWrite done

Memory protections (0 events):
No events

Nmethod flushes (20 events):
Event: 5.198 Thread 0x0000018871affd60 flushing  nmethod 0x0000018800124588
Event: 5.198 Thread 0x0000018871affd60 flushing  nmethod 0x0000018800125008
Event: 5.198 Thread 0x0000018871affd60 flushing  nmethod 0x0000018800125a88
Event: 5.198 Thread 0x0000018871affd60 flushing  nmethod 0x0000018800135588
Event: 5.198 Thread 0x0000018871affd60 flushing  nmethod 0x000001880015f108
Event: 5.198 Thread 0x0000018871affd60 flushing  nmethod 0x00000188001cfb08
Event: 5.198 Thread 0x0000018871affd60 flushing  nmethod 0x00000188001f8f08
Event: 5.198 Thread 0x0000018871affd60 flushing  nmethod 0x00000188001f9288
Event: 5.198 Thread 0x0000018871affd60 flushing  nmethod 0x00000188001f9808
Event: 5.198 Thread 0x0000018871affd60 flushing  nmethod 0x00000188001fa088
Event: 5.198 Thread 0x0000018871affd60 flushing  nmethod 0x00000188001fc108
Event: 5.198 Thread 0x0000018871affd60 flushing  nmethod 0x00000188001fcb88
Event: 5.198 Thread 0x0000018871affd60 flushing  nmethod 0x0000018800216508
Event: 5.198 Thread 0x0000018871affd60 flushing  nmethod 0x0000018800245688
Event: 5.198 Thread 0x0000018871affd60 flushing  nmethod 0x0000018800246d88
Event: 5.198 Thread 0x0000018871affd60 flushing  nmethod 0x000001880024b188
Event: 5.198 Thread 0x0000018871affd60 flushing  nmethod 0x000001880024d608
Event: 5.198 Thread 0x0000018871affd60 flushing  nmethod 0x000001880039a888
Event: 5.198 Thread 0x0000018871affd60 flushing  nmethod 0x0000018800473b88
Event: 5.198 Thread 0x0000018871affd60 flushing  nmethod 0x0000018800473e88

Events (20 events):
Event: 4.238 Thread 0x0000018819176fb0 Thread exited: 0x0000018819176fb0
Event: 5.462 Thread 0x0000018812b6be30 Thread added: 0x0000018819183940
Event: 5.516 Thread 0x0000018812b69df0 Thread added: 0x0000018819182920
Event: 6.067 Thread 0x0000018818b03890 Thread added: 0x000001881ca84590
Event: 6.068 Thread 0x000001881ca84590 Thread added: 0x000001881ca816b0
Event: 6.074 Thread 0x0000018818b03890 Thread added: 0x000001881ca82e20
Event: 6.146 Thread 0x0000018818b03890 Thread added: 0x000001881759e340
Event: 6.151 Thread 0x000001881ca84590 Thread exited: 0x000001881ca84590
Event: 6.151 Thread 0x000001881ca816b0 Thread exited: 0x000001881ca816b0
Event: 6.152 Thread 0x000001881ca82e20 Thread exited: 0x000001881ca82e20
Event: 6.210 Thread 0x0000018818b03890 Thread exited: 0x0000018818b03890
Event: 6.212 Thread 0x0000018818b001e0 Thread exited: 0x0000018818b001e0
Event: 6.213 Thread 0x00000188719827a0 Thread added: 0x00000188175a2990
Event: 6.213 Thread 0x00000188719827a0 Thread added: 0x000001881ca816b0
Event: 6.213 Thread 0x00000188719827a0 Thread added: 0x000001881ca81e80
Event: 6.213 Thread 0x00000188175a2990 Thread exited: 0x00000188175a2990
Event: 6.215 Thread 0x000001881ca816b0 Thread exited: 0x000001881ca816b0
Event: 6.265 Thread 0x000001881ca81e80 Thread added: 0x000001881ca816b0
Event: 6.325 Thread 0x00000188175a0a50 Thread exited: 0x00000188175a0a50
Event: 6.326 Thread 0x0000018818e4fcc0 Thread exited: 0x0000018818e4fcc0


Dynamic libraries:
0x00007ff76cc70000 - 0x00007ff76cc7e000 	C:\Users\maure\.jdks\openjdk-26.0.1\bin\java.exe
0x00007fff62840000 - 0x00007fff62aa7000 	C:\WINDOWS\SYSTEM32\ntdll.dll
0x00007fff60850000 - 0x00007fff60919000 	C:\WINDOWS\System32\KERNEL32.DLL
0x00007fff5fdb0000 - 0x00007fff601a4000 	C:\WINDOWS\System32\KERNELBASE.dll
0x00007fff5f140000 - 0x00007fff5f28b000 	C:\WINDOWS\System32\ucrtbase.dll
0x00007fff542c0000 - 0x00007fff542d7000 	C:\Users\maure\.jdks\openjdk-26.0.1\bin\jli.dll
0x00007fff54370000 - 0x00007fff5438e000 	C:\Users\maure\.jdks\openjdk-26.0.1\bin\VCRUNTIME140.dll
0x00007fff624e0000 - 0x00007fff626a5000 	C:\WINDOWS\System32\USER32.dll
0x00007fff5f110000 - 0x00007fff5f137000 	C:\WINDOWS\System32\win32u.dll
0x00007fff46eb0000 - 0x00007fff47143000 	C:\WINDOWS\WinSxS\amd64_microsoft.windows.common-controls_6595b64144ccf1df_6.0.26100.8115_none_3e075c82e3354f9c\COMCTL32.dll
0x00007fff61b30000 - 0x00007fff61b5b000 	C:\WINDOWS\System32\GDI32.dll
0x00007fff60960000 - 0x00007fff60a09000 	C:\WINDOWS\System32\msvcrt.dll
0x00007fff5fc80000 - 0x00007fff5fdab000 	C:\WINDOWS\System32\gdi32full.dll
0x00007fff602f0000 - 0x00007fff60393000 	C:\WINDOWS\System32\msvcp_win.dll
0x00007fff61d00000 - 0x00007fff61d32000 	C:\WINDOWS\System32\IMM32.DLL
0x00007fff549f0000 - 0x00007fff549fc000 	C:\Users\maure\.jdks\openjdk-26.0.1\bin\vcruntime140_1.dll
0x00007fff52130000 - 0x00007fff521bd000 	C:\Users\maure\.jdks\openjdk-26.0.1\bin\msvcp140.dll
0x00007ffee9f10000 - 0x00007ffeeadde000 	C:\Users\maure\.jdks\openjdk-26.0.1\bin\server\jvm.dll
0x00007fff626b0000 - 0x00007fff62766000 	C:\WINDOWS\System32\ADVAPI32.dll
0x00007fff61f20000 - 0x00007fff61fc7000 	C:\WINDOWS\System32\sechost.dll
0x00007fff61460000 - 0x00007fff61578000 	C:\WINDOWS\System32\RPCRT4.dll
0x00007fff62770000 - 0x00007fff627f0000 	C:\WINDOWS\System32\WS2_32.dll
0x00007fff5ef70000 - 0x00007fff5efce000 	C:\WINDOWS\SYSTEM32\POWRPROF.dll
0x00007fff588c0000 - 0x00007fff588cb000 	C:\WINDOWS\SYSTEM32\VERSION.dll
0x00007fff58880000 - 0x00007fff588b6000 	C:\WINDOWS\SYSTEM32\WINMM.dll
0x00007fff5ef50000 - 0x00007fff5ef64000 	C:\WINDOWS\SYSTEM32\UMPDC.dll
0x00007fff5dea0000 - 0x00007fff5debb000 	C:\WINDOWS\SYSTEM32\kernel.appcore.dll
0x00007fff54150000 - 0x00007fff5415a000 	C:\Users\maure\.jdks\openjdk-26.0.1\bin\jimage.dll
0x00007fff51d40000 - 0x00007fff51f82000 	C:\WINDOWS\SYSTEM32\DBGHELP.DLL
0x00007fff617a0000 - 0x00007fff61b22000 	C:\WINDOWS\System32\combase.dll
0x00007fff61300000 - 0x00007fff613d8000 	C:\WINDOWS\System32\OLEAUT32.dll
0x00007fff41220000 - 0x00007fff4125b000 	C:\WINDOWS\SYSTEM32\dbgcore.DLL
0x00007fff60240000 - 0x00007fff602e5000 	C:\WINDOWS\System32\bcryptPrimitives.dll
0x00007fff53be0000 - 0x00007fff53bf0000 	C:\Users\maure\.jdks\openjdk-26.0.1\bin\instrument.dll
0x00007fff53b10000 - 0x00007fff53b2f000 	C:\Users\maure\.jdks\openjdk-26.0.1\bin\java.dll
0x00007fff61b60000 - 0x00007fff61cf7000 	C:\WINDOWS\System32\ole32.dll
0x00007fff60b90000 - 0x00007fff612f7000 	C:\WINDOWS\System32\SHELL32.dll
0x00007fff603a0000 - 0x00007fff6050a000 	C:\WINDOWS\System32\wintypes.dll
0x00007ffebc4b0000 - 0x00007ffebc6c1000 	C:\Users\maure\AppData\Local\Temp\idea_libasyncProfiler_dll_temp_folder\libasyncProfiler.dll
0x00007fff5f410000 - 0x00007fff5fc78000 	C:\WINDOWS\System32\windows.storage.dll
0x00007fff615e0000 - 0x00007fff616d8000 	C:\WINDOWS\System32\SHCORE.dll
0x00007fff613e0000 - 0x00007fff61446000 	C:\WINDOWS\System32\shlwapi.dll
0x00007fff5f030000 - 0x00007fff5f059000 	C:\WINDOWS\SYSTEM32\profapi.dll
0x00007fff4cfd0000 - 0x00007fff4cfe7000 	C:\Users\maure\.jdks\openjdk-26.0.1\bin\zip.dll
0x00007fff52760000 - 0x00007fff52772000 	C:\Users\maure\.jdks\openjdk-26.0.1\bin\net.dll
0x00007fff5e410000 - 0x00007fff5e47c000 	C:\WINDOWS\system32\mswsock.dll
0x00007fff4f8f0000 - 0x00007fff4f906000 	C:\Users\maure\.jdks\openjdk-26.0.1\bin\nio.dll
0x00007fff54140000 - 0x00007fff54149000 	C:\Users\maure\.jdks\openjdk-26.0.1\bin\extnet.dll
0x00007fff53bd0000 - 0x00007fff53bda000 	C:\Users\maure\.jdks\openjdk-26.0.1\bin\management.dll
0x00007fff53bc0000 - 0x00007fff53bcc000 	C:\Users\maure\.jdks\openjdk-26.0.1\bin\management_ext.dll
0x00007fff60b80000 - 0x00007fff60b88000 	C:\WINDOWS\System32\PSAPI.DLL
0x00007fff49950000 - 0x00007fff4995e000 	C:\Users\maure\.jdks\openjdk-26.0.1\bin\sunmscapi.dll
0x00007fff5f290000 - 0x00007fff5f407000 	C:\WINDOWS\System32\CRYPT32.dll
0x00007fff5e910000 - 0x00007fff5e940000 	C:\WINDOWS\SYSTEM32\ncrypt.dll
0x00007fff5e8c0000 - 0x00007fff5e8ff000 	C:\WINDOWS\SYSTEM32\NTASN1.dll
0x00007fff5e6f0000 - 0x00007fff5e70b000 	C:\WINDOWS\SYSTEM32\CRYPTSP.dll
0x00007fff5de00000 - 0x00007fff5de39000 	C:\WINDOWS\system32\rsaenh.dll
0x00007fff5e4c0000 - 0x00007fff5e4f3000 	C:\WINDOWS\SYSTEM32\USERENV.dll
0x00007fff5f000000 - 0x00007fff5f02a000 	C:\WINDOWS\SYSTEM32\bcrypt.dll
0x00007fff5e710000 - 0x00007fff5e71c000 	C:\WINDOWS\SYSTEM32\CRYPTBASE.dll
0x00007fff5d8f0000 - 0x00007fff5d922000 	C:\WINDOWS\SYSTEM32\IPHLPAPI.DLL
0x00007fff61450000 - 0x00007fff6145a000 	C:\WINDOWS\System32\NSI.dll

JVMTI agents:
C:\Users\maure\AppData\Local\Programs\IntelliJ IDEA 2025.2\lib\idea_rt.jar path:C:\Users\maure\.jdks\openjdk-26.0.1\bin\instrument.dll, loaded, initialized, instrumentlib options:64149
C:\Users\maure\AppData\Local\Temp\idea_libasyncProfiler_dll_temp_folder\libasyncProfiler.dll path:C:\Users\maure\AppData\Local\Temp\idea_libasyncProfiler_dll_temp_folder\libasyncProfiler.dll, loaded, initialized, options:start,jfr,event=wall,interval=10ms,jfrsync=profile,cstack=no,file=C:\Users\maure\IdeaSnapshots\GymtrackerApplication_2026_05_04_102600.jfr,dbghelppath=C:\Users\maure\AppData\Local\Temp\idea_dbghelp_dll_temp_folder\dbghelp.dll,log=C:\Users\maure\AppData\Local\Temp\GymtrackerApplication_2026_05_04_102600.jfr.log.txt,logLevel=DEBUG

dbghelp: loaded successfully - version: 4.0.5 - missing functions: none
symbol engine: initialized successfully - sym options: 0x614 - pdb path: .;C:\Users\maure\.jdks\openjdk-26.0.1\bin;C:\WINDOWS\SYSTEM32;C:\WINDOWS\WinSxS\amd64_microsoft.windows.common-controls_6595b64144ccf1df_6.0.26100.8115_none_3e075c82e3354f9c;C:\Users\maure\.jdks\openjdk-26.0.1\bin\server;C:\Users\maure\AppData\Local\Temp\idea_libasyncProfiler_dll_temp_folder

VM Arguments:
jvm_args: -javaagent:C:\Users\maure\AppData\Local\Programs\IntelliJ IDEA 2025.2\lib\idea_rt.jar=64149 -agentpath:C:\Users\maure\AppData\Local\Temp\idea_libasyncProfiler_dll_temp_folder\libasyncProfiler.dll=start,jfr,event=wall,interval=10ms,jfrsync=profile,cstack=no,file=C:\Users\maure\IdeaSnapshots\GymtrackerApplication_2026_05_04_102600.jfr,dbghelppath=C:\Users\maure\AppData\Local\Temp\idea_dbghelp_dll_temp_folder\dbghelp.dll,log=C:\Users\maure\AppData\Local\Temp\GymtrackerApplication_2026_05_04_102600.jfr.log.txt,logLevel=DEBUG -Dfile.encoding=UTF-8 -Dsun.stdout.encoding=UTF-8 -Dsun.stderr.encoding=UTF-8 
java_command: com.proyectoFinal.gymtracker.GymtrackerApplication
java_class_path (initial): C:\Users\maure\Downloads\Proyecto-Gimnasio-\target\classes;C:\Users\maure\.m2\repository\org\springframework\boot\spring-boot-starter-data-jpa\4.0.6\spring-boot-starter-data-jpa-4.0.6.jar;C:\Users\maure\.m2\repository\org\springframework\boot\spring-boot-starter\4.0.6\spring-boot-starter-4.0.6.jar;C:\Users\maure\.m2\repository\org\springframework\boot\spring-boot-starter-logging\4.0.6\spring-boot-starter-logging-4.0.6.jar;C:\Users\maure\.m2\repository\ch\qos\logback\logback-classic\1.5.32\logback-classic-1.5.32.jar;C:\Users\maure\.m2\repository\ch\qos\logback\logback-core\1.5.32\logback-core-1.5.32.jar;C:\Users\maure\.m2\repository\org\apache\logging\log4j\log4j-to-slf4j\2.25.4\log4j-to-slf4j-2.25.4.jar;C:\Users\maure\.m2\repository\org\apache\logging\log4j\log4j-api\2.25.4\log4j-api-2.25.4.jar;C:\Users\maure\.m2\repository\org\slf4j\jul-to-slf4j\2.0.17\jul-to-slf4j-2.0.17.jar;C:\Users\maure\.m2\repository\jakarta\annotation\jakarta.annotation-api\3.0.0\jakarta.annotation-api-3.0.0.jar;C:\Users\maure\.m2\repository\org\yaml\snakeyaml\2.5\snakeyaml-2.5.jar;C:\Users\maure\.m2\repository\org\springframework\boot\spring-boot-starter-jdbc\4.0.6\spring-boot-starter-jdbc-4.0.6.jar;C:\Users\maure\.m2\repository\com\zaxxer\HikariCP\7.0.2\HikariCP-7.0.2.jar;C:\Users\maure\.m2\repository\org\slf4j\slf4j-api\2.0.17\slf4j-api-2.0.17.jar;C:\Users\maure\.m2\repository\org\springframework\boot\spring-boot-data-jpa\4.0.6\spring-boot-data-jpa-4.0.6.jar;C:\Users\maure\.m2\repository\org\springframework\boot\spring-boot-data-commons\4.0.6\spring-boot-data-commons-4.0.6.jar;C:\Users\maure\.m2\repository\org\springframework\boot\spring-boot-persistence\4.0.6\spring-boot-persistence-4.0.6.jar;C:\Users\maure\.m2\repository\org\springframework\data\spring-data-commons\4.0.5\spring-data-commons-4.0.5.jar;C:\Users\maure\.m2\repository\org\springframework\boot\spring-boot-hibernate\4.0.6\spring-boot-hibernate-4.0.6.jar;C:\Users\maure\.m2\repository\org\springframework\boot\spring-boot-jpa\4.0.6\spring-boot-jpa-4.0.6.jar;C:\Users\maure\.m2\repository\jakarta\persistence\jakarta.persistence-api\3.2.0\jakarta.persistence-api-3.2.0.jar;C:\Users\maure\.m2\repository\org\hibernate\orm\hibernate-core\7.2.12.Final\hibernate-core-7.2.12.Final.jar;C:\Users\maure\.m2\repository\jakarta\transaction\jakarta.transaction-api\2.0.1\jakarta.transaction-api-2.0.1.jar;C:\Users\maure\.m2\repository\org\hibernate\models\hibernate-models\1.0.1\hibernate-models-1.0.1.jar;C:\Users\maure\.m2\repository\org\glassfish\jaxb\jaxb-runtime\4.0.6\jaxb-runtime-4.0.6.jar;C:\Users\maure\.m2\repository\org\glassfish\jaxb\jaxb-core\4.0.6\jaxb-core-4.0.6.jar;C:\Users\maure\.m2\repository\org\eclipse\angus\angus-activation\2.0.3\angus-activation-2.0.3.jar;C:\Users\maure\.m2\repository\org\glassfish\jaxb\txw2\4.0.6\txw2-4.0.6.jar;C:\Users\maure\.m2\repository\com\sun\istack\istack-commons-runtime\4.1.2\istack-commons-runtime-4.1.2.jar;C:\Users\maure\.m2\repository\jakarta\inject\jakarta.inject-api\2.0.1\jakarta.inject-api-2.0.1.jar;C:\Users\maure\.m2\repository\org\springframework\spring-orm\7.0.7\spring-orm-7.0.7.jar;C:\Users\maure\.m2\repository\org\springframework\data\spring-data-jpa\4.0.5\spring-data-jpa-4.0.5.jar;C:\Users\maure\.m2\repository\org\springframework\spring-tx\7.0.7\spring-tx-7.0.7.jar;C:\Users\maure\.m2\repository\org\antlr\antlr4-runtime\4.13.2\antlr4-runtime-4.13.2.jar;C:\Users\maure\.m2\repository\org\springframework\spring-aspects\7.0.7\spring-aspects-7.0.7.jar;C:\Users\maure\.m2\repository\org\aspectj\aspectjweaver\1.9.25.1\aspectjweaver-1.9.25.1.jar;C:\Users\maure\.m2\repository\org\springframework\boot\spring-boot-jdbc\4.0.6\spring-boot-jdbc-4.0.6.jar;C:\Users\maure\.m2\repository\org\springframework\boot\spring-boot-sql\4.0.6\spring-boot-sql-4.0.6.jar;C:\Users\maure\.m2\repository\org\springframework\boot\spring-boot-transaction\4.0.6\spring-boot-transaction-4.0.6.jar;C:\Users\maure\.m2\repository\org\springframework\spring-jdbc\7.0.7\spring-jdbc-7.0.7.jar;C:\Users\maure\.m2\repository\org\springframework\boot\spring-boot-starter-security\4.0.6\spring-boot-starter-security-4.0.6.jar;C:\Users\maure\.m2\repository\org\springframework\boot\spring-boot-security\4.0.6\spring-boot-security-4.0.6.jar;C:\Users\maure\.m2\repository\org\springframework\security\spring-security-config\7.0.5\spring-security-config-7.0.5.jar;C:\Users\maure\.m2\repository\org\springframework\security\spring-security-core\7.0.5\spring-security-core-7.0.5.jar;C:\Users\maure\.m2\repository\org\springframework\security\spring-security-crypto\7.0.5\spring-security-crypto-7.0.5.jar;C:\Users\maure\.m2\repository\org\springframework\security\spring-security-web\7.0.5\spring-security-web-7.0.5.jar;C:\Users\maure\.m2\repository\org\springframework\spring-expression\7.0.7\spring-expression-7.0.7.jar;C:\Users\maure\.m2\repository\org\springframework\spring-aop\7.0.7\spring-aop-7.0.7.jar;C:\Users\maure\.m2\repository\org\springframework\spring-beans\7.0.7\spring-beans-7.0.7.jar;C:\Users\maure\.m2\repository\org\springframework\spring-core\7.0.7\spring-core-7.0.7.jar;C:\Users\maure\.m2\repository\commons-logging\commons-logging\1.3.6\commons-logging-1.3.6.jar;C:\Users\maure\.m2\repository\org\springframework\boot\spring-boot-starter-validation\4.0.6\spring-boot-starter-validation-4.0.6.jar;C:\Users\maure\.m2\repository\org\springframework\boot\spring-boot-validation\4.0.6\spring-boot-validation-4.0.6.jar;C:\Users\maure\.m2\repository\org\apache\tomcat\embed\tomcat-embed-el\11.0.21\tomcat-embed-el-11.0.21.jar;C:\Users\maure\.m2\repository\org\hibernate\validator\hibernate-validator\9.0.1.Final\hibernate-validator-9.0.1.Final.jar;C:\Users\maure\.m2\repository\jakarta\validation\jakarta.validation-api\3.1.1\jakarta.validation-api-3.1.1.jar;C:\Users\maure\.m2\repository\org\jboss\logging\jboss-logging\3.6.3.Final\jboss-logging-3.6.3.Final.jar;C:\Users\maure\.m2\repository\com\fasterxml\classmate\1.7.3\classmate-1.7.3.jar;C:\Users\maure\.m2\repository\org\springframework\boot\spring-boot-starter-webmvc\4.0.6\spring-boot-starter-webmvc-4.0.6.jar;C:\Users\maure\.m2\repository\org\springframework\boot\spring-boot-starter-jackson\4.0.6\spring-boot-starter-jackson-4.0.6.jar;C:\Users\maure\.m2\repository\org\springframework\boot\spring-boot-jackson\4.0.6\spring-boot-jackson-4.0.6.jar;C:\Users\maure\.m2\repository\tools\jackson\core\jackson-databind\3.1.2\jackson-databind-3.1.2.jar;C:\Users\maure\.m2\repository\com\fasterxml\jackson\core\jackson-annotations\2.21\jackson-annotations-2.21.jar;C:\Users\maure\.m2\repository\tools\jackson\core\jackson-core\3.1.2\jackson-core-3.1.2.jar;C:\Users\maure\.m2\repository\org\springframework\boot\spring-boot-starter-tomcat\4.0.6\spring-boot-starter-tomcat-4.0.6.jar;C:\Users\maure\.m2\repository\org\springframework\boot\spring-boot-starter-tomcat-runtime\4.0.6\spring-boot-starter-tomcat-runtime-4.0.6.jar;C:\Users\maure\.m2\repository\org\apache\tomcat\embed\tomcat-embed-core\11.0.21\tomcat-embed-core-11.0.21.jar;C:\Users\maure\.m2\repository\org\apache\tomcat\embed\tomcat-embed-websocket\11.0.21\tomcat-embed-websocket-11.0.21.jar;C:\Users\maure\.m2\repository\org\springframework\boot\spring-boot-tomcat\4.0.6\spring-boot-tomcat-4.0.6.jar;C:\Users\maure\.m2\repository\org\springframework\boot\spring-boot-http-converter\4.0.6\spring-boot-http-converter-4.0.6.jar;C:\Users\maure\.m2\repository\org\springframework\spring-web\7.0.7\spring-web-7.0.7.jar;C:\Users\maure\.m2\repository\io\micrometer\micrometer-observation\1.16.5\micrometer-observation-1.16.5.jar;C:\Users\maure\.m2\repository\io\micrometer\micrometer-commons\1.16.5\micrometer-commons-1.16.5.jar;C:\Users\maure\.m2\repository\org\springframework\boot\spring-boot-webmvc\4.0.6\spring-boot-webmvc-4.0.6.jar;C:\Users\maure\.m2\repository\org\springframework\boot\spring-boot-servlet\4.0.6\spring-boot-servlet-4.0.6.jar;C:\Users\maure\.m2\repository\org\springframework\spring-webmvc\7.0.7\spring-webmvc-7.0.7.jar;C:\Users\maure\.m2\repository\org\springframework\boot\spring-boot-devtools\4.0.6\spring-boot-devtools-4.0.6.jar;C:\Users\maure\.m2\repository\org\springframework\boot\spring-boot\4.0.6\spring-boot-4.0.6.jar;C:\Users\maure\.m2\repository\org\springframework\spring-context\7.0.7\spring-context-7.0.7.jar;C:\Users\maure\.m2\repository\org\springframework\boot\spring-boot-autoconfigure\4.0.6\spring-boot-autoconfigure-4.0.6.jar;C:\Users\maure\.m2\repository\com\mysql\mysql-connector-j\9.7.0\mysql-connector-j-9.7.0.jar;C:\Users\maure\.m2\repository\org\projectlombok\lombok\1.18.46\lombok-1.18.46.jar;C:\Users\maure\.m2\repository\jakarta\xml\bind\jakarta.xml.bind-api\4.0.4\jakarta.xml.bind-api-4.0.4.jar;C:\Users\maure\.m2\repository\jakarta\activation\jakarta.activation-api\2.1.4\jakarta.activation-api-2.1.4.jar;C:\Users\maure\.m2\repository\net\bytebuddy\byte-buddy\1.17.8\byte-buddy-1.17.8.jar;C:\Users\maure\.m2\repository\org\springframework\boot\spring-boot-web-server\4.0.6\spring-boot-web-server-4.0.6.jar;C:\Users\maure\.m2\repository\org\springdoc\springdoc-openapi-starter-webmvc-ui\3.0.1\springdoc-openapi-starter-webmvc-ui-3.0.1.jar;C:\Users\maure\.m2\repository\org\springdoc\springdoc-openapi-starter-webmvc-api\3.0.1\springdoc-openapi-starter-webmvc-api-3.0.1.jar;C:\Users\maure\.m2\repository\org\springdoc\springdoc-openapi-starter-common\3.0.1\springdoc-openapi-starter-common-3.0.1.jar;C:\Users\maure\.m2\repository\io\swagger\core\v3\swagger-core-jakarta\2.2.41\swagger-core-jakarta-2.2.41.jar;C:\Users\maure\.m2\repository\org\apache\commons\commons-lang3\3.19.0\commons-lang3-3.19.0.jar;C:\Users\maure\.m2\repository\io\swagger\core\v3\swagger-annotations-jakarta\2.2.41\swagger-annotations-jakarta-2.2.41.jar;C:\Users\maure\.m2\repository\io\swagger\core\v3\swagger-models-jakarta\2.2.41\swagger-models-jakarta-2.2.41.jar;C:\Users\maure\.m2\repository\com\fasterxml\jackson\core\jackson-databind\2.21.2\jackson-databind-2.21.2.jar;C:\Users\maure\.m2\repository\com\fasterxml\jackson\core\jackson-core\2.21.2\jackson-core-2.21.2.jar;C:\Users\maure\.m2\repository\com\fasterxml\jackson\dataformat\jackson-dataformat-yaml\2.21.2\jackson-dataformat-yaml-2.21.2.jar;C:\Users\maure\.m2\repository\com\fasterxml\jackson\datatype\jackson-datatype-jsr310\2.21.2\jackson-datatype-jsr310-2.21.2.jar;C:\Users\maure\.m2\repository\org\webjars\swagger-ui\5.31.0\swagger-ui-5.31.0.jar;C:\Users\maure\.m2\repository\org\webjars\webjars-locator-lite\1.1.3\webjars-locator-lite-1.1.3.jar;C:\Users\maure\.m2\repository\org\jspecify\jspecify\1.0.0\jspecify-1.0.0.jar
Launcher Type: SUN_STANDARD

[Global flags]
     bool AOTAdapterCaching                        = false                                  {diagnostic} {ergonomic}
     bool AOTInvokeDynamicLinking                  = false                                  {diagnostic} {ergonomic}
     bool AOTRecordTraining                        = false                                  {diagnostic} {ergonomic}
     bool AOTReplayTraining                        = false                                  {diagnostic} {ergonomic}
     bool AOTStubCaching                           = false                                  {diagnostic} {ergonomic}
     intx CICompilerCount                          = 12                                        {product} {ergonomic}
     uint ConcGCThreads                            = 3                                         {product} {ergonomic}
     bool FlightRecorder                           = true                                      {product} {management}
     uint G1ConcRefinementThreads                  = 13                                        {product} {ergonomic}
     uint G1EagerReclaimRemSetThreshold            = 16                                   {experimental} {ergonomic}
   size_t G1HeapRegionSize                         = 2097152                                   {product} {ergonomic}
     uint G1RemSetArrayOfCardsEntries              = 16                                   {experimental} {ergonomic}
     uint G1RemSetHowlMaxNumBuckets                = 8                                    {experimental} {ergonomic}
     uint G1RemSetHowlNumBuckets                   = 8                                    {experimental} {ergonomic}
   size_t InitialHeapSize                          = 8388608                                   {product} {ergonomic}
     bool IntelJccErratumMitigation                = false                             {ARCH diagnostic} {ergonomic}
   size_t MarkStackSize                            = 4194304                                   {product} {ergonomic}
   size_t MarkStackSizeMax                         = 536870912                                 {product} {ergonomic}
   size_t MaxHeapSize                              = 3716153344                                {product} {ergonomic}
   size_t MaxNewSize                               = 2229272576                                {product} {ergonomic}
 uint64_t MaxRAM                                   = 14861852672                               {product} {ergonomic}
   size_t MinHeapDeltaBytes                        = 2097152                                   {product} {ergonomic}
   size_t MinHeapSize                              = 8388608                                   {product} {ergonomic}
   size_t NonNMethodCodeHeapSize                   = 7667712                                {pd product} {ergonomic}
   size_t NonProfiledCodeHeapSize                  = 122028032                              {pd product} {ergonomic}
   size_t ProfiledCodeHeapSize                     = 122028032                              {pd product} {ergonomic}
   size_t ReservedCodeCacheSize                    = 251723776                              {pd product} {ergonomic}
     bool SegmentedCodeCache                       = true                                      {product} {ergonomic}
   size_t SoftMaxHeapSize                          = 3716153344                             {manageable} {ergonomic}
     bool UseCompressedOops                        = true                           {product lp64_product} {ergonomic}
     bool UseCondCardMark                          = true                                      {product} {ergonomic}
     bool UseFastUnorderedTimeStamps               = true                                 {experimental} {ergonomic}
     bool UseG1GC                                  = true                                      {product} {ergonomic}
     bool UseLargePagesIndividualAllocation        = false                                  {pd product} {ergonomic}
      int X86ICacheSync                            = 3                                 {ARCH diagnostic} {ergonomic}

Logging:
Log output configuration:
 #0: stdout all=warning uptime,level,tags foldmultilines=false
 #1: stderr all=off uptime,level,tags foldmultilines=false

Release file:
IMPLEMENTOR="Oracle Corporation" 
JAVA_RUNTIME_VERSION="26.0.1+8-34" 
JAVA_VERSION="26.0.1" 
JAVA_VERSION_DATE="2026-04-21" 
LIBC="default" 
MODULES="java.base java.compiler java.datatransfer java.xml java.prefs java.desktop java.instrument java.logging java.management java.security.sasl java.naming java.rmi java.management.rmi java.net.http java.scripting java.security.jgss java.transaction.xa java.sql java.sql.rowset java.xml.crypto java.se java.smartcardio jdk.accessibility jdk.internal.jvmstat jdk.attach jdk.charsets jdk.internal.opt jdk.zipfs jdk.compiler jdk.crypto.cryptoki jdk.crypto.ec jdk.crypto.mscapi jdk.dynalink jdk.internal.ed jdk.editpad jdk.internal.vm.ci jdk.graal.compiler jdk.graal.compiler.management jdk.hotspot.agent jdk.httpserver jdk.incubator.vector jdk.internal.le jdk.internal.md jdk.jartool jdk.javadoc jdk.jcmd jdk.management jdk.management.agent jdk.jconsole jdk.jdeps jdk.jdwp.agent jdk.jdi jdk.jfr jdk.jlink jdk.jpackage jdk.jshell jdk.jstatd jdk.localedata jdk.management.jfr jdk.naming.dns jdk.naming.rmi jdk.net jdk.nio.mapmode jdk.sctp jdk.security.auth jdk.security.jgss jdk.unsupported jdk.unsupported.desktop jdk.xml.dom" 
OS_ARCH="x86_64" 
OS_NAME="Windows" 
SOURCE=".:git:fcc00fc4aee7" 

Environment Variables:
PATH=C:\Program Files (x86)\Common Files\Oracle\Java\java8path;C:\Program Files (x86)\Common Files\Oracle\Java\javapath;C:\WINDOWS\system32;C:\WINDOWS;C:\WINDOWS\System32\Wbem;C:\WINDOWS\System32\WindowsPowerShell\v1.0\;C:\WINDOWS\System32\OpenSSH\;C:\TDM-GCC-64\bin;C:\Program Files\Git\cmd;C:\Users\maure\AppData\Local\Microsoft\WindowsApps;C:\Users\maure\AppData\Local\Programs\Microsoft VS Code\bin;C:\MinGW\bin;C:\Program Files\CodeBlocks\MinGW\bin;
USERNAME=maure
OS=Windows_NT
PROCESSOR_IDENTIFIER=AMD64 Family 25 Model 80 Stepping 0, AuthenticAMD
TMP=C:\Users\maure\AppData\Local\Temp
TEMP=C:\Users\maure\AppData\Local\Temp




Compilation memory statistics disabled.

Periodic native trim disabled

---------------  S Y S T E M  ---------------

OS:
 Windows 11 , 64 bit Build 26100 (10.0.26100.8246)
OS uptime: 14 days 1:31 hours

CPU: total 16 (initial active 16) (8 cores per cpu, 2 threads per core) family 25 model 80 stepping 0 microcode 0xa50000f, cx8, cmov, fxsr, ht, mmx, 3dnowpref, sse, sse2, sse3, ssse3, sse4a, sse4.1, sse4.2, popcnt, lzcnt, tsc, tscinvbit, avx, avx2, aes, erms, clmul, bmi1, bmi2, adx, sha, fma, vzeroupper, clflush, clflushopt, clwb, rdtscp, rdpid, fsrm, f16c, pku, cet_ss
Processor Information for processor 0
  Max Mhz: 2000, Current Mhz: 1890, Mhz Limit: 2000
Processor Information for processor 1
  Max Mhz: 2000, Current Mhz: 1808, Mhz Limit: 2000
Processor Information for processor 2
  Max Mhz: 2000, Current Mhz: 1808, Mhz Limit: 2000
Processor Information for processor 3
  Max Mhz: 2000, Current Mhz: 1808, Mhz Limit: 2000
Processor Information for processor 4
  Max Mhz: 2000, Current Mhz: 1808, Mhz Limit: 2000
Processor Information for processor 5
  Max Mhz: 2000, Current Mhz: 1808, Mhz Limit: 2000
Processor Information for processor 6
  Max Mhz: 2000, Current Mhz: 1808, Mhz Limit: 2000
Processor Information for processor 7
  Max Mhz: 2000, Current Mhz: 1808, Mhz Limit: 2000
Processor Information for processor 8
  Max Mhz: 2000, Current Mhz: 1890, Mhz Limit: 2000
Processor Information for processor 9
  Max Mhz: 2000, Current Mhz: 1890, Mhz Limit: 2000
Processor Information for processor 10
  Max Mhz: 2000, Current Mhz: 1808, Mhz Limit: 2000
Processor Information for processor 11
  Max Mhz: 2000, Current Mhz: 1808, Mhz Limit: 2000
Processor Information for processor 12
  Max Mhz: 2000, Current Mhz: 1808, Mhz Limit: 2000
Processor Information for processor 13
  Max Mhz: 2000, Current Mhz: 1890, Mhz Limit: 2000
Processor Information for processor 14
  Max Mhz: 2000, Current Mhz: 1808, Mhz Limit: 2000
Processor Information for processor 15
  Max Mhz: 2000, Current Mhz: 1808, Mhz Limit: 2000

Memory: 4k page, system-wide physical 14173M (3179M free)
TotalPageFile size 22365M (AvailPageFile size 5612M)
current process WorkingSet (physical memory assigned to process): 379M, peak: 411M
current process commit charge ("private bytes"): 493M, peak: 540M

vm_info: OpenJDK 64-Bit Server VM (26.0.1+8-34) for windows-amd64 JRE (26.0.1+8-34), built on 2026-03-10T17:24:10Z with MS VC++ 17.13 (VS2022)

END.
